[    0.000000] Initializing cgroup subsys cpuset
[    0.000000] Initializing cgroup subsys cpu
[    0.000000] Initializing cgroup subsys cpuacct
[    0.000000] Linux version 4.4.0-112-generic (buildd@lgw01-amd64-010) (gcc version 5.4.0 20160609 (Ubuntu 5.4.0-6ubuntu1~16.04.5) ) #135-Ubuntu SMP Fri Jan 19 11:48:36 UTC 2018 (Ubuntu 4.4.0-112.135-generic 4.4.98)
[    0.000000] Command line: BOOT_IMAGE=/boot/vmlinuz-4.4.0-112-generic root=UUID=ccee1a8d-0785-4b3a-a578-812d59f5d3e1 ro console=tty1 console=ttyS0
[    0.000000] KERNEL supported cpus:
[    0.000000]   Intel GenuineIntel
[    0.000000]   AMD AuthenticAMD
[    0.000000]   Centaur CentaurHauls
[    0.000000] x86/fpu: xstate_offset[2]:  576, xstate_sizes[2]:  256
[    0.000000] x86/fpu: Supporting XSAVE feature 0x01: 'x87 floating point registers'
[    0.000000] x86/fpu: Supporting XSAVE feature 0x02: 'SSE registers'
[    0.000000] x86/fpu: Supporting XSAVE feature 0x04: 'AVX registers'
[    0.000000] x86/fpu: Enabled xstate features 0x7, context size is 832 bytes, using 'standard' format.
[    0.000000] x86/fpu: Using 'lazy' FPU context switches.
[    0.000000] e820: BIOS-provided physical RAM map:
[    0.000000] BIOS-e820: [mem 0x0000000000000000-0x000000000009fbff] usable
[    0.000000] BIOS-e820: [mem 0x000000000009fc00-0x000000000009ffff] reserved
[    0.000000] BIOS-e820: [mem 0x00000000000f0000-0x00000000000fffff] reserved
[    0.000000] BIOS-e820: [mem 0x0000000000100000-0x000000003ffeffff] usable
[    0.000000] BIOS-e820: [mem 0x000000003fff0000-0x000000003fffffff] ACPI data
[    0.000000] BIOS-e820: [mem 0x00000000fec00000-0x00000000fec00fff] reserved
[    0.000000] BIOS-e820: [mem 0x00000000fee00000-0x00000000fee00fff] reserved
[    0.000000] BIOS-e820: [mem 0x00000000fffc0000-0x00000000ffffffff] reserved
[    0.000000] NX (Execute Disable) protection: active
[    0.000000] SMBIOS 2.5 present.
[    0.000000] Hypervisor detected: KVM
[    0.000000] e820: last_pfn = 0x3fff0 max_arch_pfn = 0x400000000
[    0.000000] MTRR: Disabled
[    0.000000] x86/PAT: MTRRs disabled, skipping PAT initialization too.
[    0.000000] CPU MTRRs all blank - virtualized system.
[    0.000000] x86/PAT: Configuration [0-7]: WB  WT  UC- UC  WB  WT  UC- UC  
[    0.000000] found SMP MP-table at [mem 0x0009fff0-0x0009ffff] mapped at [ffff88000009fff0]
[    0.000000] Scanning 1 areas for low memory corruption
[    0.000000] RAMDISK: [mem 0x36230000-0x3710ffff]
[    0.000000] ACPI: Early table checksum verification disabled
[    0.000000] ACPI: RSDP 0x00000000000E0000 000024 (v02 VBOX  )
[    0.000000] ACPI: XSDT 0x000000003FFF0030 00003C (v01 VBOX   VBOXXSDT 00000001 ASL  00000061)
[    0.000000] ACPI: FACP 0x000000003FFF00F0 0000F4 (v04 VBOX   VBOXFACP 00000001 ASL  00000061)
[    0.000000] ACPI: DSDT 0x000000003FFF0470 0021FF (v02 VBOX   VBOXBIOS 00000002 INTL 20100528)
[    0.000000] ACPI: FACS 0x000000003FFF0200 000040
[    0.000000] ACPI: FACS 0x000000003FFF0200 000040
[    0.000000] ACPI: APIC 0x000000003FFF0240 00005C (v02 VBOX   VBOXAPIC 00000001 ASL  00000061)
[    0.000000] ACPI: SSDT 0x000000003FFF02A0 0001CC (v01 VBOX   VBOXCPUT 00000002 INTL 20100528)
[    0.000000] No NUMA configuration found
[    0.000000] Faking a node at [mem 0x0000000000000000-0x000000003ffeffff]
[    0.000000] NODE_DATA(0) allocated [mem 0x3ffeb000-0x3ffeffff]
[    0.000000] kvm-clock: Using msrs 4b564d01 and 4b564d00
[    0.000000] kvm-clock: cpu 0, msr 0:3ffe3001, primary cpu clock
[    0.000000] kvm-clock: using sched offset of 3175104931 cycles
[    0.000000] clocksource: kvm-clock: mask: 0xffffffffffffffff max_cycles: 0x1cd42e4dffb, max_idle_ns: 881590591483 ns
[    0.000000] Zone ranges:
[    0.000000]   DMA      [mem 0x0000000000001000-0x0000000000ffffff]
[    0.000000]   DMA32    [mem 0x0000000001000000-0x000000003ffeffff]
[    0.000000]   Normal   empty
[    0.000000]   Device   empty
[    0.000000] Movable zone start for each node
[    0.000000] Early memory node ranges
[    0.000000]   node   0: [mem 0x0000000000001000-0x000000000009efff]
[    0.000000]   node   0: [mem 0x0000000000100000-0x000000003ffeffff]
[    0.000000] Initmem setup node 0 [mem 0x0000000000001000-0x000000003ffeffff]
[    0.000000] ACPI: PM-Timer IO Port: 0x4008
[    0.000000] IOAPIC[0]: apic_id 2, version 32, address 0xfec00000, GSI 0-23
[    0.000000] ACPI: INT_SRC_OVR (bus 0 bus_irq 0 global_irq 2 dfl dfl)
[    0.000000] ACPI: INT_SRC_OVR (bus 0 bus_irq 9 global_irq 9 high level)
[    0.000000] Using ACPI (MADT) for SMP configuration information
[    0.000000] smpboot: Allowing 2 CPUs, 0 hotplug CPUs
[    0.000000] PM: Registered nosave memory: [mem 0x00000000-0x00000fff]
[    0.000000] PM: Registered nosave memory: [mem 0x0009f000-0x0009ffff]
[    0.000000] PM: Registered nosave memory: [mem 0x000a0000-0x000effff]
[    0.000000] PM: Registered nosave memory: [mem 0x000f0000-0x000fffff]
[    0.000000] e820: [mem 0x40000000-0xfebfffff] available for PCI devices
[    0.000000] Booting paravirtualized kernel on KVM
[    0.000000] clocksource: refined-jiffies: mask: 0xffffffff max_cycles: 0xffffffff, max_idle_ns: 7645519600211568 ns
[    0.000000] setup_percpu: NR_CPUS:512 nr_cpumask_bits:512 nr_cpu_ids:2 nr_node_ids:1
[    0.000000] PERCPU: Embedded 34 pages/cpu @ffff88003fc00000 s99544 r8192 d31528 u1048576
[    0.000000] PV qspinlock hash table entries: 256 (order: 0, 4096 bytes)
[    0.000000] Built 1 zonelists in Node order, mobility grouping on.  Total pages: 257913
[    0.000000] Policy zone: DMA32
[    0.000000] Kernel command line: BOOT_IMAGE=/boot/vmlinuz-4.4.0-112-generic root=UUID=ccee1a8d-0785-4b3a-a578-812d59f5d3e1 ro console=tty1 console=ttyS0
[    0.000000] PID hash table entries: 4096 (order: 3, 32768 bytes)
[    0.000000] Memory: 997300K/1048120K available (8499K kernel code, 1309K rwdata, 3988K rodata, 1508K init, 1316K bss, 50820K reserved, 0K cma-reserved)
[    0.000000] SLUB: HWalign=64, Order=0-3, MinObjects=0, CPUs=2, Nodes=1
[    0.000000] Kernel/User page tables isolation: enabled
[    0.000000] Hierarchical RCU implementation.
[    0.000000] 	Build-time adjustment of leaf fanout to 64.
[    0.000000] 	RCU restricting CPUs from NR_CPUS=512 to nr_cpu_ids=2.
[    0.000000] RCU: Adjusting geometry for rcu_fanout_leaf=64, nr_cpu_ids=2
[    0.000000] NR_IRQS:33024 nr_irqs:440 16
[    0.000000] Console: colour VGA+ 80x25
[    0.000000] console [tty1] enabled
[    0.000000] console [ttyS0] enabled
[    0.000000] tsc: Detected 3497.972 MHz processor
[    2.690484] Calibrating delay loop (skipped) preset value.. 6995.94 BogoMIPS (lpj=13991888)
[    2.691629] pid_max: default: 32768 minimum: 301
[    2.692270] ACPI: Core revision 20150930
[    2.693521] ACPI: 2 ACPI AML tables successfully acquired and loaded
[    2.694455] Security Framework initialized
[    2.695018] Yama: becoming mindful.
[    2.695553] AppArmor: AppArmor initialized
[    2.696209] Dentry cache hash table entries: 131072 (order: 8, 1048576 bytes)
[    2.700280] Inode-cache hash table entries: 65536 (order: 7, 524288 bytes)
[    2.703111] Mount-cache hash table entries: 2048 (order: 2, 16384 bytes)
[    2.703963] Mountpoint-cache hash table entries: 2048 (order: 2, 16384 bytes)
[    2.704983] Initializing cgroup subsys io
[    2.732129] Initializing cgroup subsys memory
[    2.732731] Initializing cgroup subsys devices
[    2.798534] Initializing cgroup subsys freezer
[    2.912213] Initializing cgroup subsys net_cls
[    3.022080] Initializing cgroup subsys perf_event
[    3.142543] Initializing cgroup subsys net_prio
[    3.159000] Initializing cgroup subsys hugetlb
[    3.159638] Initializing cgroup subsys pids
[    3.160286] CPU: Physical Processor ID: 0
[    3.160854] CPU: Processor Core ID: 0
[    3.161437] FEATURE SPEC_CTRL Not Present
[    3.162734] mce: CPU supports 0 MCE banks
[    3.163365] Last level iTLB entries: 4KB 1024, 2MB 1024, 4MB 1024
[    3.164111] Last level dTLB entries: 4KB 1024, 2MB 1024, 4MB 1024, 1GB 4
[    3.166530] Freeing SMP alternatives memory: 32K
[    3.173909] ftrace: allocating 32180 entries in 126 pages
[    3.264934] smpboot: APIC(0) Converting physical 0 to logical package 0
[    3.367038] smpboot: Max logical packages: 1
[    3.466950] x2apic enabled
[    3.532554] Switched APIC routing to physical x2apic.
[    3.575744] ..TIMER: vector=0x30 apic1=0 pin1=2 apic2=-1 pin2=-1
[    3.798522] smpboot: CPU0: Intel(R) Core(TM) i5-4690K CPU @ 3.50GHz (family: 0x6, model: 0x3c, stepping: 0x3)
[    4.012058] Performance Events: unsupported p6 CPU model 60 no PMU driver, software events only.
[    4.123756] KVM setup paravirtual spinlock
[    4.124839] x86: Booting SMP configuration:
[    4.170192] .... node  #0, CPUs:      #1
[    4.252813] kvm-clock: cpu 1, msr 0:3ffe3041, secondary cpu clock
[    4.339657] mce: CPU supports 0 MCE banks
[    4.356692] x86: Booted up 1 node, 2 CPUs
[    4.357434] smpboot: Total of 2 processors activated (13991.88 BogoMIPS)
[    4.358541] devtmpfs: initialized
[    4.362500] evm: security.selinux
[    4.363007] evm: security.SMACK64
[    4.373206] evm: security.SMACK64EXEC
[    4.379340] evm: security.SMACK64TRANSMUTE
[    4.379940] evm: security.SMACK64MMAP
[    4.383228] evm: security.ima
[    4.383714] evm: security.capability
[    4.384401] clocksource: jiffies: mask: 0xffffffff max_cycles: 0xffffffff, max_idle_ns: 7645041785100000 ns
[    4.467847] futex hash table entries: 512 (order: 3, 32768 bytes)
[    4.541784] pinctrl core: initialized pinctrl subsystem
[    4.683863] RTC time: 16:34:02, date: 02/10/18
[    4.768797] NET: Registered protocol family 16
[    4.853285] cpuidle: using governor ladder
[    4.897274] cpuidle: using governor menu
[    4.942901] PCCT header not found.
[    4.968829] ACPI: bus type PCI registered
[    4.990317] acpiphp: ACPI Hot Plug PCI Controller Driver version: 0.5
[    5.021872] PCI: Using configuration type 1 for base access
[    5.035933] ACPI: Added _OSI(Module Device)
[    5.071724] ACPI: Added _OSI(Processor Device)
[    5.072360] ACPI: Added _OSI(3.0 _SCP Extensions)
[    5.072995] ACPI: Added _OSI(Processor Aggregator Device)
[    5.074295] ACPI: Executed 1 blocks of module-level executable AML code
[    5.186843] ACPI: Interpreter enabled
[    5.278612] ACPI: (supports S0 S5)
[    5.363952] ACPI: Using IOAPIC for interrupt routing
[    5.397434] PCI: Using host bridge windows from ACPI; if necessary, use "pci=nocrs" and report a bug
[    5.452093] ACPI: PCI Root Bridge [PCI0] (domain 0000 [bus 00-ff])
[    5.517962] acpi PNP0A03:00: _OSC: OS supports [ASPM ClockPM Segments MSI]
[    5.629443] acpi PNP0A03:00: _OSC: not requesting OS control; OS requires [ExtendedConfig ASPM ClockPM MSI]
[    5.723985] acpi PNP0A03:00: fail to add MMCONFIG information, can't access extended PCI configuration space under this bridge.
[    5.850329] PCI host bridge to bus 0000:00
[    5.866343] pci_bus 0000:00: root bus resource [io  0x0000-0x0cf7 window]
[    5.889324] pci_bus 0000:00: root bus resource [io  0x0d00-0xffff window]
[    5.907523] pci_bus 0000:00: root bus resource [mem 0x000a0000-0x000bffff window]
[    5.930457] pci_bus 0000:00: root bus resource [mem 0x40000000-0xffdfffff window]
[    5.975007] pci_bus 0000:00: root bus resource [bus 00-ff]
[    6.063615] pci 0000:00:01.1: legacy IDE quirk: reg 0x10: [io  0x01f0-0x01f7]
[    6.181678] pci 0000:00:01.1: legacy IDE quirk: reg 0x14: [io  0x03f6]
[    6.216135] pci 0000:00:01.1: legacy IDE quirk: reg 0x18: [io  0x0170-0x0177]
[    6.221132] pci 0000:00:01.1: legacy IDE quirk: reg 0x1c: [io  0x0376]
[    6.297038] pci 0000:00:07.0: quirk: [io  0x4000-0x403f] claimed by PIIX4 ACPI
[    6.434120] pci 0000:00:07.0: quirk: [io  0x4100-0x410f] claimed by PIIX4 SMB
[    6.501745] ACPI: PCI Interrupt Link [LNKA] (IRQs 5 9 10 *11)
[    6.552367] ACPI: PCI Interrupt Link [LNKB] (IRQs 5 9 10 *11)
[    6.578235] ACPI: PCI Interrupt Link [LNKC] (IRQs 5 9 *10 11)
[    6.579347] ACPI: PCI Interrupt Link [LNKD] (IRQs 5 *9 10 11)
[    6.580460] ACPI: Enabled 2 GPEs in block 00 to 07
[    6.581476] vgaarb: setting as boot device: PCI:0000:00:02.0
[    6.663403] vgaarb: device added: PCI:0000:00:02.0,decodes=io+mem,owns=io+mem,locks=none
[    6.711862] vgaarb: loaded
[    6.712358] vgaarb: bridge control possible 0000:00:02.0
[    6.713337] SCSI subsystem initialized
[    6.725181] ACPI: bus type USB registered
[    6.797137] usbcore: registered new interface driver usbfs
[    6.890658] usbcore: registered new interface driver hub
[    6.992435] usbcore: registered new device driver usb
[    7.132235] PCI: Using ACPI for IRQ routing
[    7.218553] NetLabel: Initializing
[    7.290037] NetLabel:  domain hash size = 128
[    7.332798] NetLabel:  protocols = UNLABELED CIPSOv4
[    7.333483] NetLabel:  unlabeled traffic allowed by default
[    7.334364] amd_nb: Cannot enumerate AMD northbridges
[    7.444789] clocksource: Switched to clocksource kvm-clock
[    7.541476] AppArmor: AppArmor Filesystem Enabled
[    7.630402] pnp: PnP ACPI init
[    7.708697] pnp: PnP ACPI: found 3 devices
[    7.797820] clocksource: acpi_pm: mask: 0xffffff max_cycles: 0xffffff, max_idle_ns: 2085701024 ns
[    7.821240] NET: Registered protocol family 2
[    7.821956] TCP established hash table entries: 8192 (order: 4, 65536 bytes)
[    7.822821] TCP bind hash table entries: 8192 (order: 5, 131072 bytes)
[    7.823645] TCP: Hash tables configured (established 8192 bind 8192)
[    7.824434] UDP hash table entries: 512 (order: 2, 16384 bytes)
[    7.834031] UDP-Lite hash table entries: 512 (order: 2, 16384 bytes)
[    7.995594] NET: Registered protocol family 1
[    8.128006] pci 0000:00:00.0: Limiting direct PCI/PCI transfers
[    8.291565] pci 0000:00:01.0: Activating ISA DMA hang workarounds
[    8.372707] Unpacking initramfs...
[    8.597347] Freeing initrd memory: 15232K
[    8.700718] RAPL PMU detected, API unit is 2^-32 Joules, 4 fixed counters 10737418240 ms ovfl timer
[    8.939380] hw unit of domain pp0-core 2^-0 Joules
[    9.034759] hw unit of domain package 2^-0 Joules
[    9.035472] hw unit of domain dram 2^-0 Joules
[    9.036088] hw unit of domain pp1-gpu 2^-0 Joules
[    9.164499] platform rtc_cmos: registered platform RTC device (no PNP device found)
[    9.364903] Scanning for low memory corruption every 60 seconds
[    9.454889] audit: initializing netlink subsys (disabled)
[    9.553036] audit: type=2000 audit(1518280445.135:1): initialized
[    9.620975] Initialise system trusted keyring
[    9.678607] HugeTLB registered 2 MB page size, pre-allocated 0 pages
[    9.790374] zbud: loaded
[    9.790996] VFS: Disk quotas dquot_6.6.0
[    9.883374] VFS: Dquot-cache hash table entries: 512 (order 0, 4096 bytes)
[    9.884399] squashfs: version 4.0 (2009/01/31) Phillip Lougher
[    9.885487] fuse init (API version 7.23)
[   10.005678] Key type big_key registered
[   10.080684] Allocating IMA MOK and blacklist keyrings.
[   10.135328] Key type asymmetric registered
[   10.161505] tsc: Refined TSC clocksource calibration: 3499.639 MHz
[   10.161507] clocksource: tsc: mask: 0xffffffffffffffff max_cycles: 0x3271fbbe3ad, max_idle_ns: 440795267277 ns
[   10.244856] Asymmetric key parser 'x509' registered
[   10.248682] Block layer SCSI generic (bsg) driver version 0.4 loaded (major 249)
[   10.253307] io scheduler noop registered
[   10.283001] io scheduler deadline registered (default)
[   10.292915] io scheduler cfq registered
[   10.293562] pci_hotplug: PCI Hot Plug PCI Core version: 0.5
[   10.294307] pciehp: PCI Express Hot Plug Controller Driver version: 0.4
[   10.295245] ACPI: AC Adapter [AC] (on-line)
[   10.312681] input: Power Button as /devices/LNXSYSTM:00/LNXPWRBN:00/input/input0
[   10.337461] ACPI: Power Button [PWRF]
[   10.344061] input: Sleep Button as /devices/LNXSYSTM:00/LNXSLPBN:00/input/input1
[   10.345212] ACPI: Sleep Button [SLPF]
[   10.356131] GHES: HEST is not enabled!
[   10.399105] Serial: 8250/16550 driver, 32 ports, IRQ sharing enabled
[   10.466813] 00:02: ttyS0 at I/O 0x3f8 (irq = 4, base_baud = 115200) is a 16550A
[   10.480085] Linux agpgart interface v0.103
[   10.543712] loop: module loaded
[   10.627546] scsi host0: ata_piix
[   10.671945] scsi host1: ata_piix
[   10.674189] ata1: PATA max UDMA/33 cmd 0x1f0 ctl 0x3f6 bmdma 0xd000 irq 14
[   10.675069] ata2: PATA max UDMA/33 cmd 0x170 ctl 0x376 bmdma 0xd008 irq 15
[   10.677941] libphy: Fixed MDIO Bus: probed
[   10.735520] tun: Universal TUN/TAP device driver, 1.6
[   10.759955] tun: (C) 1999-2004 Max Krasnyansky <maxk@qualcomm.com>
[   10.908033] PPP generic driver version 2.4.2
[   10.994340] ehci_hcd: USB 2.0 'Enhanced' Host Controller (EHCI) Driver
[   10.995161] ehci-pci: EHCI PCI platform driver
[   10.995795] ehci-platform: EHCI generic platform driver
[   10.996494] ohci_hcd: USB 1.1 'Open' Host Controller (OHCI) Driver
[   10.997309] ohci-pci: OHCI PCI platform driver
[   10.997947] ohci-platform: OHCI generic platform driver
[   10.998782] uhci_hcd: USB Universal Host Controller Interface driver
[   10.999621] i8042: PNP: PS/2 Controller [PNP0303:PS2K,PNP0f03:PS2M] at 0x60,0x64 irq 1,12
[   11.058153] serio: i8042 KBD port at 0x60,0x64 irq 1
[   11.058856] serio: i8042 AUX port at 0x60,0x64 irq 12
[   11.059594] mousedev: PS/2 mouse device common for all mice
[   11.076410] rtc_cmos rtc_cmos: rtc core: registered rtc_cmos as rtc0
[   11.077391] input: AT Translated Set 2 keyboard as /devices/platform/i8042/serio0/input/input2
[   11.078601] rtc_cmos rtc_cmos: alarms up to one day, 114 bytes nvram
[   11.079494] i2c /dev entries driver
[   11.080039] device-mapper: uevent: version 1.0.3
[   11.080751] device-mapper: ioctl: 4.34.0-ioctl (2015-10-28) initialised: dm-devel@redhat.com
[   11.082007] ledtrig-cpu: registered to indicate activity on CPUs
[   11.170075] NET: Registered protocol family 10
[   11.292778] NET: Registered protocol family 17
[   11.409436] Key type dns_resolver registered
[   11.488102] microcode: CPU0 sig=0x306c3, pf=0x40, revision=0x0
[   11.563619] microcode: CPU1 sig=0x306c3, pf=0x40, revision=0x0
[   11.637388] microcode: Microcode Update Driver: v2.01 <tigran@aivazian.fsnet.co.uk>, Peter Oruba
[   11.661726] registered taskstats version 1
[   11.662329] Loading compiled-in X.509 certificates
[   11.663463] Loaded X.509 cert 'Build time autogenerated kernel key: 4c603087bab8f0a02cb3b4e1fb4c40f507e71ef1'
[   11.740038] zswap: loaded using pool lzo/zbud
[   11.742449] Key type trusted registered
[   11.837761] Key type encrypted registered
[   11.839609] AppArmor: AppArmor sha1 policy hashing enabled
[   11.840359] ima: No TPM chip found, activating TPM-bypass!
[   11.841149] evm: HMAC attrs: 0x1
[   11.841892]   Magic number: 6:452:590
[   11.947071] rtc_cmos rtc_cmos: setting system clock to 2018-02-10 16:34:10 UTC (1518280450)
[   12.169243] BIOS EDD facility v0.16 2004-Jun-25, 0 devices found
[   12.196460] EDD information not available.
[   12.220483] Freeing unused kernel memory: 1508K
[   12.277979] Write protecting the kernel read-only data: 14336k
[   12.302219] Freeing unused kernel memory: 1728K
[   12.321532] Freeing unused kernel memory: 108K
Loading, please wait...
starting version[   12.344515] random: systemd-udevd: uninitialized urandom read (16 bytes read, 3 bits of entropy available)
 229
[   12.344931] random: udevadm: uninitialized urandom read (16 bytes read, 3 bits of entropy available)
[   12.344948] random: udevadm: uninitialized urandom read (16 bytes read, 3 bits of entropy available)
[   12.353427] random: udevadm: uninitialized urandom read (16 bytes read, 3 bits of entropy available)
[   12.353465] random: udevadm: uninitialized urandom read (16 bytes read, 3 bits of entropy available)
[   12.353582] random: udevadm: uninitialized urandom read (16 bytes read, 3 bits of entropy available)
[   12.353628] random: udevadm: uninitialized urandom read (16 bytes read, 3 bits of entropy available)
[   12.353672] random: udevadm: uninitialized urandom read (16 bytes read, 3 bits of entropy available)
[   12.353716] random: udevadm: uninitialized urandom read (16 bytes read, 3 bits of entropy available)
[   12.353761] random: udevadm: uninitialized urandom read (16 bytes read, 3 bits of entropy available)
[   12.429014] Fusion MPT base driver 3.04.20
[   12.429033] e1000: Intel(R) PRO/1000 Network Driver - version 7.3.21-k8-NAPI
[   12.429033] e1000: Copyright (c) 1999-2006 Intel Corporation.
[   12.462374] Copyright (c) 1999-2008 LSI Corporation
[   12.475465] AVX version of gcm_enc/dec engaged.
[   12.492661] AES CTR mode by8 optimization enabled
[   12.498650] Fusion MPT SPI Host driver 3.04.20
[   12.723929] input: ImExPS/2 Generic Explorer Mouse as /devices/platform/i8042/serio1/input/input4
[   12.798212] e1000 0000:00:03.0 eth0: (PCI:33MHz:32-bit) 02:61:3d:0b:d5:56
[   12.798215] e1000 0000:00:03.0 eth0: Intel(R) PRO/1000 Network Connection
[   12.837973] mptbase: ioc0: Initiating bringup
[   12.841503] e1000 0000:00:03.0 enp0s3: renamed from eth0
[   12.907101] ioc0: LSI53C1030 A0: Capabilities={Initiator}
[   13.218026] scsi host2: ioc0: LSI53C1030 A0, FwRev=00000000h, Ports=1, MaxQ=256, IRQ=20
[   13.556598] scsi 2:0:0:0: Direct-Access     VBOX     HARDDISK         1.0  PQ: 0 ANSI: 5
[   13.806000] scsi target2:0:0: Beginning Domain Validation
[   13.942037] scsi target2:0:0: Domain Validation skipping write tests
[   14.020370] scsi target2:0:0: Ending Domain Validation
[   14.058954] scsi target2:0:0: asynchronous
[   14.087736] scsi 2:0:1:0: Direct-Access     VBOX     HARDDISK         1.0  PQ: 0 ANSI: 5
[   14.216738] scsi target2:0:1: Beginning Domain Validation
[   14.338880] scsi target2:0:1: Domain Validation skipping write tests
[   14.485327] scsi target2:0:1: Ending Domain Validation
[   14.614815] scsi target2:0:1: asynchronous
[   14.740165] sd 2:0:0:0: [sda] 20971520 512-byte logical blocks: (10.7 GB/10.0 GiB)
[   14.891076] sd 2:0:0:0: Attached scsi generic sg0 type 0
[   14.915886] sd 2:0:1:0: [sdb] 20480 512-byte logical blocks: (10.5 MB/10.0 MiB)
[   14.915896] sd 2:0:1:0: Attached scsi generic sg1 type 0
[   14.921649] sd 2:0:0:0: [sda] Write Protect is off
[   14.921752] sd 2:0:0:0: [sda] Incomplete mode parameter data
[   14.921753] sd 2:0:0:0: [sda] Assuming drive cache: write through
[   15.010502]  sda: sda1
[   15.010926] sd 2:0:0:0: [sda] Attached SCSI disk
[   15.059396] sd 2:0:1:0: [sdb] Write Protect is off
[   15.145269] sd 2:0:1:0: [sdb] Incomplete mode parameter data
[   15.146022] sd 2:0:1:0: [sdb] Assuming drive cache: write through
[   15.202445] sd 2:0:1:0: [sdb] Attached SCSI disk
[   15.469190] floppy0: no floppy controllers found
Begin: Loading e[   16.758362] md: linear personality registered for level -1
ssential drivers[   16.887961] md: multipath personality registered for level -4
 ... [   17.006949] md: raid0 personality registered for level 0
[   17.054200] md: raid1 personality registered for level 1
[   17.137069] raid6: sse2x1   gen() 10293 MB/s
[   17.209172] raid6: sse2x1   xor()  8611 MB/s
[   17.280833] raid6: sse2x2   gen() 11219 MB/s
[   17.353051] raid6: sse2x2   xor()  8700 MB/s
[   17.421008] raid6: sse2x4   gen() 15487 MB/s
[   17.497124] raid6: sse2x4   xor() 10719 MB/s
[   17.508115] raid6: using algorithm sse2x4 gen() 15487 MB/s
[   17.510173] raid6: .... xor() 10719 MB/s, rmw enabled
[   17.520020] raid6: using ssse3x2 recovery algorithm
[   17.531117] xor: automatically using best checksumming function:
[   17.604799]    avx       : 25221.000 MB/sec
[   17.638557] async_tx: api initialized (async)
[   17.645650] md: raid6 personality registered for level 6
[   17.799061] md: raid5 personality registered for level 5
[   17.805939] md: raid4 personality registered for level 4
[   17.834898] md: raid10 personality registered for level 10
done.
Begin: Running /scripts/init-premount ... done.
Begin: Mounting root file system ... Begin: Running /scripts/local-top ... don[   17.895605] Btrfs loaded
e.
Begin: Running /scripts/local-premount ... Scanning for Btrfs filesystems
done.
Warning: fsck no[   17.936479] EXT4-fs (sda1): INFO: recovery required on readonly filesystem
t present, so sk[   17.956437] EXT4-fs (sda1): write access will be enabled during recovery
ipping root file system
[   18.024568] EXT4-fs (sda1): recovery complete
[   18.039388] EXT4-fs (sda1): mounted filesystem with ordered data mode. Opts: (null)
done.
Begin: Running /scripts/local-bottom ... done.
Begin: Running /scripts/init-bottom ... done.
[   18.174011] systemd[1]: systemd 229 running in system mode. (+PAM +AUDIT +SELINUX +IMA +APPARMOR +SMACK +SYSVINIT +UTMP +LIBCRYPTSETUP +GCRYPT +GNUTLS +ACL +XZ -LZ4 +SECCOMP +BLKID +ELFUTILS +KMOD -IDN)
[   18.204760] systemd[1]: Detected virtualization oracle.
[   18.205508] systemd[1]: Detected architecture x86-64.

Welcome to [1mUbuntu 16.04.3 LTS[0m!

[   18.213682] systemd[1]: Set hostname to <ubuntu-xenial>.
[   18.320746] systemd[1]: Listening on Journal Socket (/dev/log).
[[0;32m  OK  [0m] Listening on Journal Socket (/dev/log).
[   18.371164] systemd[1]: Listening on Journal Audit Socket.
[[0;32m  OK  [0m] Listening on Journal Audit Socket.
[   18.396649] systemd[1]: Listening on Syslog Socket.
[[0;32m  OK  [0m] Listening on Syslog Socket.
[   18.562609] systemd[1]: Reached target Swap.
[[0;32m  OK  [0m] Reached target Swap.
[   18.637789] systemd[1]: Started Forward Password Requests to Wall Directory Watch.
[[0;32m  OK  [0m] Started Forward Password Requests to Wall Directory Watch.
[   18.754924] systemd[1]: Listening on LVM2 metadata daemon socket.
[[0;32m  OK  [0m] Listening on LVM2 metadata daemon socket.
[   18.849373] systemd[1]: Created slice System Slice.
[[0;32m  OK  [0m] Created slice System Slice.
[   18.887396] systemd[1]: Created slice system-serial\x2dgetty.slice.
[[0;32m  OK  [0m] Created slice system-serial\x2dgetty.slice.
[   18.925545] systemd[1]: Created slice system-postgresql.slice.
[[0;32m  OK  [0m] Created slice system-postgresql.slice.
[   18.996923] systemd[1]: Reached target User and Group Name Lookups.
[[0;32m  OK  [0m] Reached target User and Group Name Lookups.
[   19.136750] systemd[1]: Listening on udev Kernel Socket.
[[0;32m  OK  [0m] Listening on udev Kernel Socket.
[   19.217800] systemd[1]: Started Trigger resolvconf update for networkd DNS.
[[0;32m  OK  [0m] Started Trigger resolvconf update for networkd DNS.
[   19.243260] systemd[1]: Reached target Encrypted Volumes.
[[0;32m  OK  [0m] Reached target Encrypted Volumes.
[   19.285823] systemd[1]: Listening on udev Control Socket.
[[0;32m  OK  [0m] Listening on udev Control Socket.
[   19.337570] systemd[1]: Listening on LVM2 poll daemon socket.
[[0;32m  OK  [0m] Listening on LVM2 poll daemon socket.
[   19.384998] systemd[1]: Listening on Device-mapper event daemon FIFOs.
[[0;32m  OK  [0m] Listening on Device-mapper event daemon FIFOs.
[   19.429958] systemd[1]: Listening on Journal Socket.
[[0;32m  OK  [0m] Listening on Journal Socket.
[   19.457053] systemd[1]: Starting Load Kernel Modules...
[   19.481602] Loading iSCSI transport class v2.0-870.
         Starting Load Kernel Mo[   19.502206] iscsi: registered transport (tcp)
dules...
[   19.514154] systemd[1]: Starting Create list of required static device nodes for the current kernel...
         Starting Create list of required st... nodes for the current kernel...
[   19.561780] systemd[1]: Mounting POSIX Message Queue File System...
         Mountin[   19.576445] iscsi: registered transport (iser)
g POSIX Message Queue File System...
[   19.604917] systemd[1]: Mounting Debug File System...
         Mounting Debug File System...
[   19.626211] systemd[1]: Starting Journal Service...
         Starting Journal Service...
[   19.645720] systemd[1]: Starting Set console keymap...
         Starting Set console keymap...
[   19.689449] systemd[1]: Mounting Huge Pages File System...
         Mounting Huge Pages File System...
[   19.837496] systemd[1]: Starting Monitoring of LVM2 mirrors, snapshots etc. using dmeventd or progress polling...
         Starting Monitoring of LVM2 mirrors... dmeventd or progress polling...
[   20.145364] systemd[1]: Starting Uncomplicated firewall...
[   20.145964] random: nonblocking pool is initialized
         Starting Uncomplicated firewall...
[   20.373707] systemd[1]: Starting Remount Root and Kernel File Systems...
[   20.376334] EXT4-fs (sda1): re-mounted. Opts: (null)
         Starting Remount Root and Kernel File Systems...
[   20.701575] systemd[1]: Listening on /dev/initctl Compatibility Named Pipe.
[[0;32m  OK  [0m] Listening on /dev/initctl Compatibility Named Pipe.
[   20.789538] systemd[1]: Starting Nameserver information manager...
         Starting Nameserver information manager...
[   20.996811] systemd[1]: Set up automount Arbitrary Executable File Formats File System Automount Point.
[[0;32m  OK  [0m] Set up automount Arbitrary Executab...ats File System Automount Point.
[   21.206798] systemd[1]: Created slice User and Session Slice.
[[0;32m  OK  [0m] Created slice User and Session Slice.
[   21.377192] systemd[1]: Reached target Slices.
[[0;32m  OK  [0m] Reached target Slices.
[   21.557640] systemd[1]: Mounted Huge Pages File System.
[[0;32m  OK  [0m] Mounted Huge Pages File System.
[   21.692709] systemd[1]: Mounted POSIX Message Queue File System.
[[0;32m  OK  [0m] Mounted POSIX Message Queue File System.
[   21.749284] systemd[1]: Mounted Debug File System.
[[0;32m  OK  [0m] Mounted Debug File System.
[   21.941740] systemd[1]: Started Journal Service.
[[0;32m  OK  [0m] Started Journal Service.
[[0;32m  OK  [0m] Started Load Kernel Modules.
[[0;32m  OK  [0m] Started Create list of required sta...ce nodes for the current kernel.
[[0;32m  OK  [0m] Started Set console keymap.
[[0;32m  OK  [0m] Started Uncomplicated firewall.
[[0;32m  OK  [0m] Started Remount Root and Kernel File Systems.
[[0;32m  OK  [0m] Started Nameserver information manager.
[[0;32m  OK  [0m] Started LVM2 metadata daemon.
         Starting Load/Save Random Seed...
         Starting udev Coldplug all Devices...
         Starting Initial cloud-init job (pre-networking)...
         Starting Create Static Device Nodes in /dev...
         Mounting FUSE Control File System...
         Starting Apply Kernel Variables...
         Starting Flush Journal to Persistent Storage...
[[0;32m  OK  [0m] Mounted FUSE Control File System.
[[0;32m  OK  [0m] Started Monitoring of LVM2 mirrors,...ng dmeventd or progress polling.
[[0;32m  OK  [0m] Started Load/Save Random Seed.
[[0;32m  OK  [0m] Started Create Static Device Nodes in /dev.
[[0;32m  OK  [0m] Started Apply Kernel Variables.
[[0;32m  OK  [0m] Started udev Coldplug all Devices.
[[0;32m  OK  [0m] Started Flush Journal to Persistent Storage.
         Starting udev Kernel Device Manager...
[[0;32m  OK  [0m] Started udev Kernel Device Manager.
[[0;32m  OK  [0m] Started Dispatch Password Requests to Console Directory Watch.
[[0;32m  OK  [0m] Reached target Local File Systems (Pre).
[[0;32m  OK  [0m] Reached target Local File Systems.
         Starting LSB: AppArmor initialization...
         Starting Set console font and keymap...
         Starting Tell Plymouth To Write Out Runtime Data...
         Starting Create Volatile Files and Directories...
[[0;32m  OK  [0m] Started Tell Plymouth To Write Out Runtime Data.[   16.479077] cloud-init[451]: Cloud-init v. 17.1 running 'init-local' at Sat, 10 Feb 2018 16:34:21 +0000. Up 16.17 seconds.

[[0;32m  OK  [0m] Started Create Volatile Files and Directories.
[[0;32m  OK  [0m] Started Initial cloud-init job (pre-networking).
[[0;32m  OK  [0m] Found device /dev/ttyS0.
[[0;32m  OK  [0m] Started LSB: AppArmor initialization.
[[0;32m  OK  [0m] Started Set console font and keymap.
[[0;32m  OK  [0m] Listening on Load/Save RF Kill Switch Status /dev/rfkill Watch.
[[0;32m  OK  [0m] Created slice system-getty.slice.
[[0;32m  OK  [0m] Reached target Network (Pre).
         Starting Raise network interfaces...
[[0;32m  OK  [0m] Started ifup for enp0s3.
         Starting Update UTMP about System Boot/Shutdown...
[[0;32m  OK  [0m] Reached target System Time Synchronized.
[[0;32m  OK  [0m] Started Update UTMP about System Boot/Shutdown.
[[0;32m  OK  [0m] Started Raise network interfaces.
         Starting Initial cloud-init job (metadata service crawler)...
[[0;32m  OK  [0m] Reached target Network.
[   19.841141] cloud-init[964]: Cloud-init v. 17.1 running 'init' at Sat, 10 Feb 2018 16:34:25 +0000. Up 19.61 seconds.
[   19.961123] [cloud-init[0;32m  OK  [0m[964]: ] ci-info: +++++++++++++++++++++++++++++++++++++Net device info++++++++++++++++++++++++++++++++++++++Started Initial cloud-init job (metadata service crawler).

[   19.961475] cloud-init[964]: ci-info: +--------+------+----------------------------+---------------+-------+-------------------+
[   20.284863] [cloud-init[0;32m  OK  [0m[964]: ] ci-info: | Device |  Up  |          Address           |      Mask     | Scope |     Hw-Address    |Reached target System Initialization.

[   20.285191] cloud-init[964]: ci-info: +--------+------+----------------------------+---------------+-------+-------------------+
[   20.628355] [cloud-init[0;32m  OK  [0m[964]: ] ci-info: | enp0s3 | True |         10.0.2.15          | 255.255.255.0 |   .   | 02:61:3d:0b:d5:56 |Started ACPI Events Check.

[[0;32m  OK  [0m] Reached target Paths.
[[0;32m  OK  [0m] Listening on UUID daemon activation socket.
[   20.628696] cloud-init[964]: ci-info: | enp0s3 | True | fe80::61:3dff:fe0b:d556/64 |       .       |  link | 02:61:3d:0b:d5:56 |
[   20.814327] [cloud-init[0;32m  OK  [0m[964]: ] ci-info: |   lo   | True |         127.0.0.1          |   255.0.0.0   |   .   |         .         |Listening on ACPID Listen Socket.

[   20.814654] cloud-init[964]: ci-info: |   lo   | True |          ::1/128           |       .       |  host |         .         |
[   21.060763]          cloud-initStarting LXD - unix socket.[964]: 
ci-info: +--------+------+----------------------------+---------------+-------+-------------------+
[   21.192603]          cloud-initStarting Socket activation for snappy daemon.[964]: 
ci-info: +++++++++++++++++++++++++++Route IPv4 info++++++++++++++++++++++++++++
[   21.226730] [cloud-init[0;32m  OK  [0m[964]: ] ci-info: +-------+-------------+----------+---------------+-----------+-------+Started Daily Cleanup of Temporary Directories.

[   21.227039] cloud-init[964]: [[0;32m  OK  [0m] Started Timer to automatically refresh installed snaps.
[[0;32m  OK  [0m] Listening on D-Bus System Message Bus Socket.
ci-info: | Route | Destination | Gateway  |    Genmask    | Interface | Flags |
[   21.519556] [cloud-init[0;32m  OK  [0m[964]: ] ci-info: +-------+-------------+----------+---------------+-----------+-------+Reached target Network is Online.

[[0;32m  OK  [0m] Started Daily apt download activities.
[[0;32m  OK  [0m] Started Daily apt upgrade and clean activities.
[   21.519896] cloud-init[964]: ci-info: |   0   |   0.0.0.0   | 10.0.2.2 |    0.0.0.0    |   enp0s3  |   UG  |
[   21.821607] [[0;32m  OK  [0m] Reached target Timers.
cloud-init[964]: ci-info: |   1   |   10.0.2.0  | 0.0.0.0  | 255.255.255.0 |   enp0s3  |   U   |
[   21.851686]          cloud-initStarting iSCSI initiator daemon (iscsid)...[964]: 
ci-info: +-------+-------------+----------+---------------+-----------+-------+
[[0;32m  OK  [0m] Reached target Cloud-config availability.
[[0;32m  OK  [0m] Listening on LXD - unix socket.
[[0;32m  OK  [0m] Listening on Socket activation for snappy daemon.
[[0;32m  OK  [0m] Reached target Sockets.
[[0;32m  OK  [0m] Reached target Basic System.
         Starting LSB: Record successful boot for GRUB...
         Starting System Logging Service...
         Starting /etc/rc.local Compatibility...
         Starting Login Service...
         Starting OpenBSD Secure Shell server...
[[0;32m  OK  [0m] Started Unattended Upgrades Shutdown.
[[0;32m  OK  [0m] Started ACPI event daemon.
         Starting Snappy daemon...
[[0;32m  OK  [0m] Started Deferred execution scheduler.
         Starting Accounts Service...
[[0;32m  OK  [0m] Started D-Bus System Message Bus.
         Starting LXD - container startup/shutdown...
[[0;32m  OK  [0m] Started Regular background program processing daemon.
         Starting Apply the settings specified in cloud-config...
[[0;32m  OK  [0m] Started FUSE filesystem for LXC.
         Starting LSB: MD monitoring daemon...
         Starting PostgreSQL Cluster 9.5-main...
[[0;32m  OK  [0m] Started System Logging Service.
[[0;32m  OK  [0m] Started OpenBSD Secure Shell server.
[[0;32m  OK  [0m] Started Snappy daemon.
[[0;32m  OK  [0m] Started iSCSI initiator daemon (iscsid).
[[0;32m  OK  [0m] Started /etc/rc.local Compatibility.
[[0;32m  OK  [0m] Started LXD - container startup/shutdown.
[[0;32m  OK  [0m] Started LSB: Record successful boot for GRUB.
[   22.968304] cloud-init[1061]: Cloud-init v. 17.1 running 'modules:config' at Sat, 10 Feb 2018 16:34:28 +0000. Up 22.85 seconds.
         Starting Authenticate and Authorize Users to Run Privileged Tasks...
         Starting Login to default iSCSI targets...
[[0;32m  OK  [0m] Started LSB: MD monitoring daemon.
[[0;32m  OK  [0m] Started Login Service.
[[0;32m  OK  [0m] Started Authenticate and Authorize Users to Run Privileged Tasks.
[[0;32m  OK  [0m] Started Apply the settings specified in cloud-config.
[[0;32m  OK  [0m] Started Accounts Service.
[[0;32m  OK  [0m] Started Login to default iSCSI targets.
[[0;32m  OK  [0m] Reached target Remote File Systems (Pre).
[[0;32m  OK  [0m] Reached target Remote File Systems.
         Starting LSB: daemon to balance interrupts for SMP systems...
         Starting Permit User Sessions...
         Starting LSB: Start/stop sysstat's sadc...
         Starting LSB: automatic crash report generation...
         Starting LSB: VirtualBox Linux Additions...
         Starting LSB: Set the CPU Frequency Scaling governor to "ondemand"...
[[0;32m  OK  [0m] Started Permit User Sessions.
[[0;32m  OK  [0m] Started LSB: Start/stop sysstat's sadc.
[[0;32m  OK  [0m] Started LSB: daemon to balance interrupts for SMP systems.
         Starting Terminate Plymouth Boot Screen...
         Starting Hold until boot process finishes up...
[[0;32m  OK  [0m] Started LSB: automatic crash report generation.
[[0;32m  OK  [0m] Started LSB: VirtualBox Linux Additions.
[[0;32m  OK  [0m] Started LSB: Set the CPU Frequency Scaling governor to "ondemand".
[[0;32m  OK  [0m] Started Terminate Plymouth Boot Screen.
[[0;32m  OK  [0m] Started Hold until boot process finishes up.
[[0;32m  OK  [0m] Started Serial Getty on ttyS0.
         Starting Set console scheme...
[[0;32m  OK  [0m] Started Getty on tty1.
[[0;32m  OK  [0m] Reached target Login Prompts.
[[0;32m  OK  [0m] Started Set console scheme.
[[0;32m  OK  [0m] Started PostgreSQL Cluster 9.5-main.
         Starting PostgreSQL RDBMS...
[[0;32m  OK  [0m] Started PostgreSQL RDBMS.
[[0;32m  OK  [0m] Reached target Multi-User System.
         Starting Execute cloud user/final scripts...
[[0;32m  OK  [0m] Reached target Graphical Interface.
         Starting Update UTMP about System Runlevel Changes...
[[0;32m  OK  [0m] Started Update UTMP about System Runlevel Changes.
[   25.532502] cloud-init[1223]: Cloud-init v. 17.1 running 'modules:final' at Sat, 10 Feb 2018 16:34:30 +0000. Up 25.43 seconds.
[   25.563754] cloud-init[1223]: Cloud-init v. 17.1 finished at Sat, 10 Feb 2018 16:34:30 +0000. Datasource DataSourceNoCloud [seed=/dev/sdb][dsmode=net].  Up 25.52 seconds
[[0;32m  OK  [0m] Started Execute cloud user/final scripts.
[[0;32m  OK  [0m] Reached target Cloud-init target.
         Starting Daily apt download activities...
[[0;32m  OK  [0m] Created slice User Slice of ubuntu.
         Starting User Manager for UID 1000...
[[0;32m  OK  [0m] Started User Manager for UID 1000.
[[0;32m  OK  [0m] Started Session 1 of user ubuntu.

Ubuntu 16.04.3 LTS ubuntu-xenial ttyS0

ubuntu-xenial login: [[0;32m  OK  [0m] Started ACPI event daemon.
[[0;32m  OK  [0m] Started ACPI event daemon.
[[0;32m  OK  [0m] Started ACPI event daemon.
[  OK  ] Started ACPI event daemon.
[  OK  ] Started Trigger resolvconf update for networkd DNS.
[  OK  ] Started ACPI event daemon.
[  OK  ] Started ACPI event daemon.
[  OK  ] Started ACPI event daemon.
[  OK  ] Stopped PostgreSQL RDBMS.
         Stopping PostgreSQL Cluster 9.5-main...
         Stopping udev Kernel Device Manager...
[  OK  ] Stopped udev Kernel Device Manager.
[  OK  ] Stopped PostgreSQL Cluster 9.5-main.
[  OK  ] Started ACPI event daemon.
[  OK  ] Started ACPI event daemon.
[  OK  ] Stopped udev Kernel Device Manager.
         Starting udev Kernel Device Manager...
[  OK  ] Started udev Kernel Device Manager.
[  OK  ] Started ACPI event daemon.
[  OK  ] Started ACPI event daemon.
[  OK  ] Started ACPI event daemon.
         Starting PostgreSQL Cluster 9.5-main...
[  OK  ] Started PostgreSQL Cluster 9.5-main.
         Starting PostgreSQL RDBMS...
[  OK  ] Started PostgreSQL RDBMS.
[  OK  ] Started Daily apt upgrade and clean activities.
