[    0.000000] Initializing cgroup subsys cpuset
[    0.000000] Initializing cgroup subsys cpu
[    0.000000] Initializing cgroup subsys cpuacct
[    0.000000] Linux version 4.4.0-112-generic (buildd@lgw01-amd64-010) (gcc version 5.4.0 20160609 (Ubuntu 5.4.0-6ubuntu1~16.04.5) ) #135-Ubuntu SMP Fri Jan 19 11:48:36 UTC 2018 (Ubuntu 4.4.0-112.135-generic 4.4.98)
[    0.000000] Command line: BOOT_IMAGE=/boot/vmlinuz-4.4.0-112-generic root=UUID=ccee1a8d-0785-4b3a-a578-812d59f5d3e1 ro console=tty1 console=ttyS0
[    0.000000] KERNEL supported cpus:
[    0.000000]   Intel GenuineIntel
[    0.000000]   AMD AuthenticAMD
[    0.000000]   Centaur CentaurHauls
[    0.000000] x86/fpu: xstate_offset[2]:  576, xstate_sizes[2]:  256
[    0.000000] x86/fpu: Supporting XSAVE feature 0x01: 'x87 floating point registers'
[    0.000000] x86/fpu: Supporting XSAVE feature 0x02: 'SSE registers'
[    0.000000] x86/fpu: Supporting XSAVE feature 0x04: 'AVX registers'
[    0.000000] x86/fpu: Enabled xstate features 0x7, context size is 832 bytes, using 'standard' format.
[    0.000000] x86/fpu: Using 'lazy' FPU context switches.
[    0.000000] e820: BIOS-provided physical RAM map:
[    0.000000] BIOS-e820: [mem 0x0000000000000000-0x000000000009fbff] usable
[    0.000000] BIOS-e820: [mem 0x000000000009fc00-0x000000000009ffff] reserved
[    0.000000] BIOS-e820: [mem 0x00000000000f0000-0x00000000000fffff] reserved
[    0.000000] BIOS-e820: [mem 0x0000000000100000-0x000000003ffeffff] usable
[    0.000000] BIOS-e820: [mem 0x000000003fff0000-0x000000003fffffff] ACPI data
[    0.000000] BIOS-e820: [mem 0x00000000fec00000-0x00000000fec00fff] reserved
[    0.000000] BIOS-e820: [mem 0x00000000fee00000-0x00000000fee00fff] reserved
[    0.000000] BIOS-e820: [mem 0x00000000fffc0000-0x00000000ffffffff] reserved
[    0.000000] NX (Execute Disable) protection: active
[    0.000000] SMBIOS 2.5 present.
[    0.000000] Hypervisor detected: KVM
[    0.000000] e820: last_pfn = 0x3fff0 max_arch_pfn = 0x400000000
[    0.000000] MTRR: Disabled
[    0.000000] x86/PAT: MTRRs disabled, skipping PAT initialization too.
[    0.000000] CPU MTRRs all blank - virtualized system.
[    0.000000] x86/PAT: Configuration [0-7]: WB  WT  UC- UC  WB  WT  UC- UC  
[    0.000000] found SMP MP-table at [mem 0x0009fff0-0x0009ffff] mapped at [ffff88000009fff0]
[    0.000000] Scanning 1 areas for low memory corruption
[    0.000000] RAMDISK: [mem 0x36230000-0x3710ffff]
[    0.000000] ACPI: Early table checksum verification disabled
[    0.000000] ACPI: RSDP 0x00000000000E0000 000024 (v02 VBOX  )
[    0.000000] ACPI: XSDT 0x000000003FFF0030 00003C (v01 VBOX   VBOXXSDT 00000001 ASL  00000061)
[    0.000000] ACPI: FACP 0x000000003FFF00F0 0000F4 (v04 VBOX   VBOXFACP 00000001 ASL  00000061)
[    0.000000] ACPI: DSDT 0x000000003FFF0470 0021FF (v02 VBOX   VBOXBIOS 00000002 INTL 20100528)
[    0.000000] ACPI: FACS 0x000000003FFF0200 000040
[    0.000000] ACPI: FACS 0x000000003FFF0200 000040
[    0.000000] ACPI: APIC 0x000000003FFF0240 00005C (v02 VBOX   VBOXAPIC 00000001 ASL  00000061)
[    0.000000] ACPI: SSDT 0x000000003FFF02A0 0001CC (v01 VBOX   VBOXCPUT 00000002 INTL 20100528)
[    0.000000] No NUMA configuration found
[    0.000000] Faking a node at [mem 0x0000000000000000-0x000000003ffeffff]
[    0.000000] NODE_DATA(0) allocated [mem 0x3ffeb000-0x3ffeffff]
[    0.000000] kvm-clock: Using msrs 4b564d01 and 4b564d00
[    0.000000] kvm-clock: cpu 0, msr 0:3ffe3001, primary cpu clock
[    0.000000] kvm-clock: using sched offset of 3170382722 cycles
[    0.000000] clocksource: kvm-clock: mask: 0xffffffffffffffff max_cycles: 0x1cd42e4dffb, max_idle_ns: 881590591483 ns
[    0.000000] Zone ranges:
[    0.000000]   DMA      [mem 0x0000000000001000-0x0000000000ffffff]
[    0.000000]   DMA32    [mem 0x0000000001000000-0x000000003ffeffff]
[    0.000000]   Normal   empty
[    0.000000]   Device   empty
[    0.000000] Movable zone start for each node
[    0.000000] Early memory node ranges
[    0.000000]   node   0: [mem 0x0000000000001000-0x000000000009efff]
[    0.000000]   node   0: [mem 0x0000000000100000-0x000000003ffeffff]
[    0.000000] Initmem setup node 0 [mem 0x0000000000001000-0x000000003ffeffff]
[    0.000000] ACPI: PM-Timer IO Port: 0x4008
[    0.000000] IOAPIC[0]: apic_id 2, version 32, address 0xfec00000, GSI 0-23
[    0.000000] ACPI: INT_SRC_OVR (bus 0 bus_irq 0 global_irq 2 dfl dfl)
[    0.000000] ACPI: INT_SRC_OVR (bus 0 bus_irq 9 global_irq 9 high level)
[    0.000000] Using ACPI (MADT) for SMP configuration information
[    0.000000] smpboot: Allowing 2 CPUs, 0 hotplug CPUs
[    0.000000] PM: Registered nosave memory: [mem 0x00000000-0x00000fff]
[    0.000000] PM: Registered nosave memory: [mem 0x0009f000-0x0009ffff]
[    0.000000] PM: Registered nosave memory: [mem 0x000a0000-0x000effff]
[    0.000000] PM: Registered nosave memory: [mem 0x000f0000-0x000fffff]
[    0.000000] e820: [mem 0x40000000-0xfebfffff] available for PCI devices
[    0.000000] Booting paravirtualized kernel on KVM
[    0.000000] clocksource: refined-jiffies: mask: 0xffffffff max_cycles: 0xffffffff, max_idle_ns: 7645519600211568 ns
[    0.000000] setup_percpu: NR_CPUS:512 nr_cpumask_bits:512 nr_cpu_ids:2 nr_node_ids:1
[    0.000000] PERCPU: Embedded 34 pages/cpu @ffff88003fc00000 s99544 r8192 d31528 u1048576
[    0.000000] PV qspinlock hash table entries: 256 (order: 0, 4096 bytes)
[    0.000000] Built 1 zonelists in Node order, mobility grouping on.  Total pages: 257913
[    0.000000] Policy zone: DMA32
[    0.000000] Kernel command line: BOOT_IMAGE=/boot/vmlinuz-4.4.0-112-generic root=UUID=ccee1a8d-0785-4b3a-a578-812d59f5d3e1 ro console=tty1 console=ttyS0
[    0.000000] PID hash table entries: 4096 (order: 3, 32768 bytes)
[    0.000000] Memory: 997300K/1048120K available (8499K kernel code, 1309K rwdata, 3988K rodata, 1508K init, 1316K bss, 50820K reserved, 0K cma-reserved)
[    0.000000] SLUB: HWalign=64, Order=0-3, MinObjects=0, CPUs=2, Nodes=1
[    0.000000] Kernel/User page tables isolation: enabled
[    0.000000] Hierarchical RCU implementation.
[    0.000000] 	Build-time adjustment of leaf fanout to 64.
[    0.000000] 	RCU restricting CPUs from NR_CPUS=512 to nr_cpu_ids=2.
[    0.000000] RCU: Adjusting geometry for rcu_fanout_leaf=64, nr_cpu_ids=2
[    0.000000] NR_IRQS:33024 nr_irqs:440 16
[    0.000000] Console: colour VGA+ 80x25
[    0.000000] console [tty1] enabled
[    0.000000] console [ttyS0] enabled
[    0.000000] tsc: Detected 3497.970 MHz processor
[    1.028387] Calibrating delay loop (skipped) preset value.. 6995.94 BogoMIPS (lpj=13991880)
[    1.044800] pid_max: default: 32768 minimum: 301
[    1.054928] ACPI: Core revision 20150930
[    1.066208] ACPI: 2 ACPI AML tables successfully acquired and loaded
[    1.081513] Security Framework initialized
[    1.082140] Yama: becoming mindful.
[    1.090328] AppArmor: AppArmor initialized
[    1.091004] Dentry cache hash table entries: 131072 (order: 8, 1048576 bytes)
[    1.093843] Inode-cache hash table entries: 65536 (order: 7, 524288 bytes)
[    1.114661] Mount-cache hash table entries: 2048 (order: 2, 16384 bytes)
[    1.115520] Mountpoint-cache hash table entries: 2048 (order: 2, 16384 bytes)
[    1.121589] Initializing cgroup subsys io
[    1.124044] Initializing cgroup subsys memory
[    1.124760] Initializing cgroup subsys devices
[    1.130070] Initializing cgroup subsys freezer
[    1.132418] Initializing cgroup subsys net_cls
[    1.138479] Initializing cgroup subsys perf_event
[    1.150836] Initializing cgroup subsys net_prio
[    1.153842] Initializing cgroup subsys hugetlb
[    1.156856] Initializing cgroup subsys pids
[    1.160213] CPU: Physical Processor ID: 0
[    1.165268] CPU: Processor Core ID: 0
[    1.166883] FEATURE SPEC_CTRL Not Present
[    1.168805] mce: CPU supports 0 MCE banks
[    1.171468] Last level iTLB entries: 4KB 1024, 2MB 1024, 4MB 1024
[    1.175470] Last level dTLB entries: 4KB 1024, 2MB 1024, 4MB 1024, 1GB 4
[    1.193286] Freeing SMP alternatives memory: 32K
[    1.205855] ftrace: allocating 32180 entries in 126 pages
[    1.275812] smpboot: APIC(0) Converting physical 0 to logical package 0
[    1.278574] smpboot: Max logical packages: 1
[    1.300514] x2apic enabled
[    1.305080] Switched APIC routing to physical x2apic.
[    1.311053] ..TIMER: vector=0x30 apic1=0 pin1=2 apic2=-1 pin2=-1
[    1.433997] smpboot: CPU0: Intel(R) Core(TM) i5-4690K CPU @ 3.50GHz (family: 0x6, model: 0x3c, stepping: 0x3)
[    1.452235] Performance Events: unsupported p6 CPU model 60 no PMU driver, software events only.
[    1.457358] KVM setup paravirtual spinlock
[    1.458601] x86: Booting SMP configuration:
[    1.463710] .... node  #0, CPUs:      #1
[    1.482744] kvm-clock: cpu 1, msr 0:3ffe3041, secondary cpu clock
[    1.512332] mce: CPU supports 0 MCE banks
[    1.514716] x86: Booted up 1 node, 2 CPUs
[    1.524249] smpboot: Total of 2 processors activated (13991.88 BogoMIPS)
[    1.551200] devtmpfs: initialized
[    1.560544] evm: security.selinux
[    1.563676] evm: security.SMACK64
[    1.564252] evm: security.SMACK64EXEC
[    1.564796] evm: security.SMACK64TRANSMUTE
[    1.565391] evm: security.SMACK64MMAP
[    1.565933] evm: security.ima
[    1.566471] evm: security.capability
[    1.572077] clocksource: jiffies: mask: 0xffffffff max_cycles: 0xffffffff, max_idle_ns: 7645041785100000 ns
[    1.610818] futex hash table entries: 512 (order: 3, 32768 bytes)
[    1.623860] pinctrl core: initialized pinctrl subsystem
[    1.636140] RTC time: 20:14:21, date: 01/27/18
[    1.637406] NET: Registered protocol family 16
[    1.650788] cpuidle: using governor ladder
[    1.686392] cpuidle: using governor menu
[    1.711340] PCCT header not found.
[    1.728537] ACPI: bus type PCI registered
[    1.731973] acpiphp: ACPI Hot Plug PCI Controller Driver version: 0.5
[    1.745750] PCI: Using configuration type 1 for base access
[    1.771545] ACPI: Added _OSI(Module Device)
[    1.786406] ACPI: Added _OSI(Processor Device)
[    1.787033] ACPI: Added _OSI(3.0 _SCP Extensions)
[    1.802384] ACPI: Added _OSI(Processor Aggregator Device)
[    1.827398] ACPI: Executed 1 blocks of module-level executable AML code
[    1.839466] ACPI: Interpreter enabled
[    1.858550] ACPI: (supports S0 S5)
[    1.866408] ACPI: Using IOAPIC for interrupt routing
[    1.875976] PCI: Using host bridge windows from ACPI; if necessary, use "pci=nocrs" and report a bug
[    1.909362] ACPI: PCI Root Bridge [PCI0] (domain 0000 [bus 00-ff])
[    1.923268] acpi PNP0A03:00: _OSC: OS supports [ASPM ClockPM Segments MSI]
[    1.934911] acpi PNP0A03:00: _OSC: not requesting OS control; OS requires [ExtendedConfig ASPM ClockPM MSI]
[    1.951013] acpi PNP0A03:00: fail to add MMCONFIG information, can't access extended PCI configuration space under this bridge.
[    1.984682] PCI host bridge to bus 0000:00
[    1.988183] pci_bus 0000:00: root bus resource [io  0x0000-0x0cf7 window]
[    1.992624] pci_bus 0000:00: root bus resource [io  0x0d00-0xffff window]
[    2.010776] pci_bus 0000:00: root bus resource [mem 0x000a0000-0x000bffff window]
[    2.015866] pci_bus 0000:00: root bus resource [mem 0x40000000-0xffdfffff window]
[    2.027646] pci_bus 0000:00: root bus resource [bus 00-ff]
[    2.033233] pci 0000:00:01.1: legacy IDE quirk: reg 0x10: [io  0x01f0-0x01f7]
[    2.048595] pci 0000:00:01.1: legacy IDE quirk: reg 0x14: [io  0x03f6]
[    2.067126] pci 0000:00:01.1: legacy IDE quirk: reg 0x18: [io  0x0170-0x0177]
[    2.069781] pci 0000:00:01.1: legacy IDE quirk: reg 0x1c: [io  0x0376]
[    2.115137] pci 0000:00:07.0: quirk: [io  0x4000-0x403f] claimed by PIIX4 ACPI
[    2.139731] pci 0000:00:07.0: quirk: [io  0x4100-0x410f] claimed by PIIX4 SMB
[    2.176856] ACPI: PCI Interrupt Link [LNKA] (IRQs 5 9 10 *11)
[    2.202828] ACPI: PCI Interrupt Link [LNKB] (IRQs 5 9 10 *11)
[    2.228133] ACPI: PCI Interrupt Link [LNKC] (IRQs 5 9 *10 11)
[    2.246725] ACPI: PCI Interrupt Link [LNKD] (IRQs 5 *9 10 11)
[    2.263823] ACPI: Enabled 2 GPEs in block 00 to 07
[    2.267872] vgaarb: setting as boot device: PCI:0000:00:02.0
[    2.281165] vgaarb: device added: PCI:0000:00:02.0,decodes=io+mem,owns=io+mem,locks=none
[    2.302280] vgaarb: loaded
[    2.306632] vgaarb: bridge control possible 0000:00:02.0
[    2.337372] SCSI subsystem initialized
[    2.356963] ACPI: bus type USB registered
[    2.366761] usbcore: registered new interface driver usbfs
[    2.379827] usbcore: registered new interface driver hub
[    2.380576] usbcore: registered new device driver usb
[    2.396818] PCI: Using ACPI for IRQ routing
[    2.421684] NetLabel: Initializing
[    2.441796] NetLabel:  domain hash size = 128
[    2.462895] NetLabel:  protocols = UNLABELED CIPSOv4
[    2.468970] NetLabel:  unlabeled traffic allowed by default
[    2.470250] amd_nb: Cannot enumerate AMD northbridges
[    2.499972] clocksource: Switched to clocksource kvm-clock
[    2.537194] AppArmor: AppArmor Filesystem Enabled
[    2.549976] pnp: PnP ACPI init
[    2.577005] pnp: PnP ACPI: found 3 devices
[    2.586944] clocksource: acpi_pm: mask: 0xffffff max_cycles: 0xffffff, max_idle_ns: 2085701024 ns
[    2.606605] NET: Registered protocol family 2
[    2.616377] TCP established hash table entries: 8192 (order: 4, 65536 bytes)
[    2.645039] TCP bind hash table entries: 8192 (order: 5, 131072 bytes)
[    2.659371] TCP: Hash tables configured (established 8192 bind 8192)
[    2.694256] UDP hash table entries: 512 (order: 2, 16384 bytes)
[    2.704998] UDP-Lite hash table entries: 512 (order: 2, 16384 bytes)
[    2.707582] NET: Registered protocol family 1
[    2.710239] pci 0000:00:00.0: Limiting direct PCI/PCI transfers
[    2.720663] pci 0000:00:01.0: Activating ISA DMA hang workarounds
[    2.722009] Unpacking initramfs...
[    3.122253] Freeing initrd memory: 15232K
[    3.128217] RAPL PMU detected, API unit is 2^-32 Joules, 4 fixed counters 10737418240 ms ovfl timer
[    3.136773] hw unit of domain pp0-core 2^-0 Joules
[    3.153428] hw unit of domain package 2^-0 Joules
[    3.160808] hw unit of domain dram 2^-0 Joules
[    3.161764] hw unit of domain pp1-gpu 2^-0 Joules
[    3.165064] platform rtc_cmos: registered platform RTC device (no PNP device found)
[    3.169755] Scanning for low memory corruption every 60 seconds
[    3.171565] audit: initializing netlink subsys (disabled)
[    3.175991] audit: type=2000 audit(1517084065.898:1): initialized
[    3.212744] Initialise system trusted keyring
[    3.217232] HugeTLB registered 2 MB page size, pre-allocated 0 pages
[    3.222106] zbud: loaded
[    3.224524] VFS: Disk quotas dquot_6.6.0
[    3.225249] VFS: Dquot-cache hash table entries: 512 (order 0, 4096 bytes)
[    3.227066] squashfs: version 4.0 (2009/01/31) Phillip Lougher
[    3.235016] fuse init (API version 7.23)
[    3.238470] Key type big_key registered
[    3.252951] Allocating IMA MOK and blacklist keyrings.
[    3.300692] Key type asymmetric registered
[    3.305796] Asymmetric key parser 'x509' registered
[    3.324903] Block layer SCSI generic (bsg) driver version 0.4 loaded (major 249)
[    3.348650] io scheduler noop registered
[    3.356475] io scheduler deadline registered (default)
[    3.361071] io scheduler cfq registered
[    3.361722] pci_hotplug: PCI Hot Plug PCI Core version: 0.5
[    3.376344] pciehp: PCI Express Hot Plug Controller Driver version: 0.4
[    3.408532] ACPI: AC Adapter [AC] (on-line)
[    3.413607] input: Power Button as /devices/LNXSYSTM:00/LNXPWRBN:00/input/input0
[    3.444815] ACPI: Power Button [PWRF]
[    3.464650] input: Sleep Button as /devices/LNXSYSTM:00/LNXSLPBN:00/input/input1
[    3.501176] ACPI: Sleep Button [SLPF]
[    3.508884] GHES: HEST is not enabled!
[    3.520615] Serial: 8250/16550 driver, 32 ports, IRQ sharing enabled
[    3.590559] 00:02: ttyS0 at I/O 0x3f8 (irq = 4, base_baud = 115200) is a 16550A
[    3.597706] Linux agpgart interface v0.103
[    3.686317] loop: module loaded
[    3.715010] scsi host0: ata_piix
[    3.782198] scsi host1: ata_piix
[    3.834646] ata1: PATA max UDMA/33 cmd 0x1f0 ctl 0x3f6 bmdma 0xd000 irq 14
[    3.901465] ata2: PATA max UDMA/33 cmd 0x170 ctl 0x376 bmdma 0xd008 irq 15
[    3.993326] libphy: Fixed MDIO Bus: probed
[    4.044601] tun: Universal TUN/TAP device driver, 1.6
[    4.054289] tun: (C) 1999-2004 Max Krasnyansky <maxk@qualcomm.com>
[    4.132775] PPP generic driver version 2.4.2
[    4.164431] tsc: Refined TSC clocksource calibration: 3498.291 MHz
[    4.172281] ehci_hcd: USB 2.0 'Enhanced' Host Controller (EHCI) Driver
[    4.172286] ehci-pci: EHCI PCI platform driver
[    4.172296] ehci-platform: EHCI generic platform driver
[    4.172303] ohci_hcd: USB 1.1 'Open' Host Controller (OHCI) Driver
[    4.172305] ohci-pci: OHCI PCI platform driver
[    4.172312] ohci-platform: OHCI generic platform driver
[    4.172317] uhci_hcd: USB Universal Host Controller Interface driver
[    4.172360] i8042: PNP: PS/2 Controller [PNP0303:PS2K,PNP0f03:PS2M] at 0x60,0x64 irq 1,12
[    4.181138] serio: i8042 KBD port at 0x60,0x64 irq 1
[    4.181143] serio: i8042 AUX port at 0x60,0x64 irq 12
[    4.181262] mousedev: PS/2 mouse device common for all mice
[    4.181487] rtc_cmos rtc_cmos: rtc core: registered rtc_cmos as rtc0
[    4.181528] rtc_cmos rtc_cmos: alarms up to one day, 114 bytes nvram
[    4.181533] i2c /dev entries driver
[    4.181575] device-mapper: uevent: version 1.0.3
[    4.181616] device-mapper: ioctl: 4.34.0-ioctl (2015-10-28) initialised: dm-devel@redhat.com
[    4.181631] ledtrig-cpu: registered to indicate activity on CPUs
[    4.181848] NET: Registered protocol family 10
[    4.181953] NET: Registered protocol family 17
[    4.181960] Key type dns_resolver registered
[    4.187503] microcode: CPU0 sig=0x306c3, pf=0x40, revision=0x0
[    4.187526] microcode: CPU1 sig=0x306c3, pf=0x40, revision=0x0
[    4.187609] microcode: Microcode Update Driver: v2.01 <tigran@aivazian.fsnet.co.uk>, Peter Oruba
[    4.187761] registered taskstats version 1
[    4.187776] Loading compiled-in X.509 certificates
[    4.188442] Loaded X.509 cert 'Build time autogenerated kernel key: 4c603087bab8f0a02cb3b4e1fb4c40f507e71ef1'
[    4.188475] zswap: loaded using pool lzo/zbud
[    4.190134] Key type trusted registered
[    4.192752] Key type encrypted registered
[    4.192759] AppArmor: AppArmor sha1 policy hashing enabled
[    4.192763] ima: No TPM chip found, activating TPM-bypass!
[    4.192779] evm: HMAC attrs: 0x1
[    4.192980]   Magic number: 2:289:246
[    4.195400] rtc_cmos rtc_cmos: setting system clock to 2018-01-27 20:14:24 UTC (1517084064)
[    4.195558] BIOS EDD facility v0.16 2004-Jun-25, 0 devices found
[    4.195558] EDD information not available.
[    4.270417] input: AT Translated Set 2 keyboard as /devices/platform/i8042/serio0/input/input2
[    4.633826] clocksource: tsc: mask: 0xffffffffffffffff max_cycles: 0x326d02a1271, max_idle_ns: 440795298885 ns
[    4.639764] Freeing unused kernel memory: 1508K
[    4.650658] Write protecting the kernel read-only data: 14336k
[    4.654554] Freeing unused kernel memory: 1728K
[    4.673629] Freeing unused kernel memory: 108K
Loading, please wait...
starting version[    4.686978] random: systemd-udevd: uninitialized urandom read (16 bytes read, 2 bits of entropy available)
 229
[    4.687381] random: udevadm: uninitialized urandom read (16 bytes read, 2 bits of entropy available)
[    4.687400] random: udevadm: uninitialized urandom read (16 bytes read, 2 bits of entropy available)
[    4.695378] random: udevadm: uninitialized urandom read (16 bytes read, 2 bits of entropy available)
[    4.695413] random: udevadm: uninitialized urandom read (16 bytes read, 2 bits of entropy available)
[    4.695546] random: udevadm: uninitialized urandom read (16 bytes read, 2 bits of entropy available)
[    4.695592] random: udevadm: uninitialized urandom read (16 bytes read, 2 bits of entropy available)
[    4.695636] random: udevadm: uninitialized urandom read (16 bytes read, 2 bits of entropy available)
[    4.695683] random: udevadm: uninitialized urandom read (16 bytes read, 2 bits of entropy available)
[    4.695726] random: udevadm: uninitialized urandom read (16 bytes read, 2 bits of entropy available)
[    4.913871] e1000: Intel(R) PRO/1000 Network Driver - version 7.3.21-k8-NAPI
[    4.921234] e1000: Copyright (c) 1999-2006 Intel Corporation.
[    4.923461] Fusion MPT base driver 3.04.20
[    4.924092] Copyright (c) 1999-2008 LSI Corporation
[    4.933942] Fusion MPT SPI Host driver 3.04.20
[    4.954537] AVX version of gcm_enc/dec engaged.
[    4.968155] AES CTR mode by8 optimization enabled
[    5.146708] input: ImExPS/2 Generic Explorer Mouse as /devices/platform/i8042/serio1/input/input4
[    5.311798] e1000 0000:00:03.0 eth0: (PCI:33MHz:32-bit) 02:61:3d:0b:d5:56
[    5.387083] e1000 0000:00:03.0 eth0: Intel(R) PRO/1000 Network Connection
[    5.393389] mptbase: ioc0: Initiating bringup
[    5.393714] e1000 0000:00:03.0 enp0s3: renamed from eth0
[    5.468428] ioc0: LSI53C1030 A0: Capabilities={Initiator}
[    5.684861] scsi host2: ioc0: LSI53C1030 A0, FwRev=00000000h, Ports=1, MaxQ=256, IRQ=20
[    5.816703] scsi 2:0:0:0: Direct-Access     VBOX     HARDDISK         1.0  PQ: 0 ANSI: 5
[    5.855366] scsi target2:0:0: Beginning Domain Validation
[    5.881389] scsi target2:0:0: Domain Validation skipping write tests
[    5.887804] scsi target2:0:0: Ending Domain Validation
[    5.901817] scsi target2:0:0: asynchronous
[    5.910583] scsi 2:0:1:0: Direct-Access     VBOX     HARDDISK         1.0  PQ: 0 ANSI: 5
[    5.913179] scsi target2:0:1: Beginning Domain Validation
[    5.938935] scsi target2:0:1: Domain Validation skipping write tests
[    5.950711] scsi target2:0:1: Ending Domain Validation
[    5.972242] scsi target2:0:1: asynchronous
[    6.004886] sd 2:0:0:0: [sda] 20971520 512-byte logical blocks: (10.7 GB/10.0 GiB)
[    6.020327] sd 2:0:0:0: Attached scsi generic sg0 type 0
[    6.043061] sd 2:0:1:0: [sdb] 20480 512-byte logical blocks: (10.5 MB/10.0 MiB)
[    6.074644] sd 2:0:1:0: Attached scsi generic sg1 type 0
[    6.082090] sd 2:0:0:0: [sda] Write Protect is off
[    6.095901] sd 2:0:1:0: [sdb] Write Protect is off
[    6.104395] sd 2:0:0:0: [sda] Incomplete mode parameter data
[    6.104396] sd 2:0:0:0: [sda] Assuming drive cache: write through
[    6.117451]  sda: sda1
[    6.118105] sd 2:0:0:0: [sda] Attached SCSI disk
[    6.163380] sd 2:0:1:0: [sdb] Incomplete mode parameter data
[    6.212900] sd 2:0:1:0: [sdb] Assuming drive cache: write through
[    6.239526] sd 2:0:1:0: [sdb] Attached SCSI disk
[    7.936671] floppy0: no floppy controllers found
Begin: Loading e[    9.246889] md: linear personality registered for level -1
ssential drivers ... [    9.263633] md: multipath personality registered for level -4
[    9.304289] md: raid0 personality registered for level 0
[    9.319031] md: raid1 personality registered for level 1
[    9.436243] raid6: sse2x1   gen() 10897 MB/s
[    9.528481] raid6: sse2x1   xor()  8710 MB/s
[    9.652157] raid6: sse2x2   gen() 13860 MB/s
[    9.732299] raid6: sse2x2   xor()  9250 MB/s
[    9.820351] raid6: sse2x4   gen() 16402 MB/s
[    9.892471] raid6: sse2x4   xor() 11673 MB/s
[    9.936879] raid6: using algorithm sse2x4 gen() 16402 MB/s
[   10.012487] raid6: .... xor() 11673 MB/s, rmw enabled
[   10.093584] raid6: using ssse3x2 recovery algorithm
[   10.114734] xor: automatically using best checksumming function:
[   10.212421]    avx       : 25543.000 MB/sec
[   10.283766] async_tx: api initialized (async)
[   10.337079] md: raid6 personality registered for level 6
[   10.402273] md: raid5 personality registered for level 5
[   10.405499] md: raid4 personality registered for level 4
[   10.411901] md: raid10 personality registered for level 10
done.
Begin: Running /scripts/init-premount ... done.
Begin: Mounting root file system ... Begin: Running /scripts/local-top ... done.
Begin: Running /scripts/local-premount ... [   10.443117] Btrfs loaded
Scanning for Btrfs filesystems
done.
Warning: fsck no[   10.492354] EXT4-fs (sda1): INFO: recovery required on readonly filesystem
t present, so sk[   10.512913] EXT4-fs (sda1): write access will be enabled during recovery
ipping root file system
[   10.589751] EXT4-fs (sda1): recovery complete
[   10.608635] EXT4-fs (sda1): mounted filesystem with ordered data mode. Opts: (null)
done.
Begin: Running /scripts/local-bottom ... done.
Begin: Running /scripts/init-bottom ... done.
[   10.808642] systemd[1]: systemd 229 running in system mode. (+PAM +AUDIT +SELINUX +IMA +APPARMOR +SMACK +SYSVINIT +UTMP +LIBCRYPTSETUP +GCRYPT +GNUTLS +ACL +XZ -LZ4 +SECCOMP +BLKID +ELFUTILS +KMOD -IDN)
[   10.878269] systemd[1]: Detected virtualization oracle.
[   10.891017] systemd[1]: Detected architecture x86-64.

Welcome to [1mUbuntu 16.04.3 LTS[0m!

[   10.961814] systemd[1]: Set hostname to <ubuntu-xenial>.
[   11.245354] systemd[1]: Reached target Swap.
[[0;32m  OK  [0m] Reached target Swap.
[   11.372656] systemd[1]: Listening on udev Control Socket.
[[0;32m  OK  [0m] Listening on udev Control Socket.
[   11.476700] systemd[1]: Set up automount Arbitrary Executable File Formats File System Automount Point.
[[0;32m  OK  [0m] Set up automount Arbitrary Executab...ats File System Automount Point.
[   11.524356] systemd[1]: Listening on Journal Socket (/dev/log).
[[0;32m  OK  [0m] Listening on Journal Socket (/dev/log).
[   11.668641] systemd[1]: Created slice System Slice.
[[0;32m  OK  [0m] Created slice System Slice.
[   11.788486] systemd[1]: Started Trigger resolvconf update for networkd DNS.
[[0;32m  OK  [0m] Started Trigger resolvconf update for networkd DNS.
[   11.824434] systemd[1]: Listening on udev Kernel Socket.
[[0;32m  OK  [0m] Listening on udev Kernel Socket.
[   11.838542] systemd[1]: Listening on Device-mapper event daemon FIFOs.
[[0;32m  OK  [0m] Listening on Device-mapper event daemon FIFOs.
[   11.842422] systemd[1]: Created slice User and Session Slice.
[[0;32m  OK  [0m] Created slice User and Session Slice.
[   11.864432] systemd[1]: Reached target Slices.
[[0;32m  OK  [0m] Reached target Slices.
[   11.920612] systemd[1]: Created slice system-postgresql.slice.
[[0;32m  OK  [0m] Created slice system-postgresql.slice.
[   12.078559] systemd[1]: Created slice system-serial\x2dgetty.slice.
[[0;32m  OK  [0m] Created slice system-serial\x2dgetty.slice.
[   12.101521] systemd[1]: Started Forward Password Requests to Wall Directory Watch.
[[0;32m  OK  [0m] Started Forward Password Requests to Wall Directory Watch.
[   12.120182] systemd[1]: Listening on Journal Socket.
[[0;32m  OK  [0m] Listening on Journal Socket.
[   12.140116] systemd[1]: Starting Load Kernel Modules...
         [   12.226093] Loading iSCSI transport class v2.0-870.
Starting Load Ke[   12.314778] iscsi: registered transport (tcp)
rnel Modules...[   12.388256] random: nonblocking pool is initialized

[   12.408417] systemd[1]: Starting Remount Root and Kernel File Systems...
         Starting Remount[   12.462631] iscsi: registered transport (iser)
 Root and Kernel[   12.476451] EXT4-fs (sda1): re-mounted. Opts: (null)
 File Systems...
[   12.486842] systemd[1]: Listening on LVM2 metadata daemon socket.
[[0;32m  OK  [0m] Listening on LVM2 metadata daemon socket.
[   12.488786] systemd[1]: Listening on /dev/initctl Compatibility Named Pipe.
[[0;32m  OK  [0m] Listening on /dev/initctl Compatibility Named Pipe.
[   12.556177] systemd[1]: Starting Nameserver information manager...
         Starting Nameserver information manager...
[   12.632340] systemd[1]: Reached target Encrypted Volumes.
[[0;32m  OK  [0m] Reached target Encrypted Volumes.
[   12.688415] systemd[1]: Starting Monitoring of LVM2 mirrors, snapshots etc. using dmeventd or progress polling...
         Starting Monitoring of LVM2 mirrors... dmeventd or progress polling...
[   12.731091] systemd[1]: Listening on Journal Audit Socket.
[[0;32m  OK  [0m] Listening on Journal Audit Socket.
[   12.740505] systemd[1]: Listening on LVM2 poll daemon socket.
[[0;32m  OK  [0m] Listening on LVM2 poll daemon socket.
[   12.804616] systemd[1]: Starting Set console keymap...
         Starting Set console keymap...
[   12.820996] systemd[1]: Reached target User and Group Name Lookups.
[[0;32m  OK  [0m] Reached target User and Group Name Lookups.
[   12.832660] systemd[1]: Listening on Syslog Socket.
[[0;32m  OK  [0m] Listening on Syslog Socket.
[   12.864540] systemd[1]: Starting Journal Service...
         Starting Journal Service...
[   12.893204] systemd[1]: Starting Uncomplicated firewall...
         Starting Uncomplicated firewall...
[   12.913431] systemd[1]: Mounting POSIX Message Queue File System...
         Mounting POSIX Message Queue File System...
[   12.933612] systemd[1]: Mounting Huge Pages File System...
         Mounting Huge Pages File System...
[   12.952800] systemd[1]: Starting Create list of required static device nodes for the current kernel...
         Starting Create list of required st... nodes for the current kernel...
[   12.971346] systemd[1]: Mounting Debug File System...
         Mounting Debug File System...
[   12.997742] systemd[1]: Mounted Huge Pages File System.
[[0;32m  OK  [0m] Mounted Huge Pages File System.
[   13.040423] systemd[1]: Mounted POSIX Message Queue File System.
[[0;32m  OK  [0m] Mounted POSIX Message Queue File System.
[   13.184660] systemd[1]: Mounted Debug File System.
[[0;32m  OK  [0m] Mounted Debug File System.
[   13.272400] systemd[1]: Started Journal Service.
[[0;32m  OK  [0m] Started Journal Service.
[[0;32m  OK  [0m] Started Load Kernel Modules.
[[0;32m  OK  [0m] Started Remount Root and Kernel File Systems.
[[0;32m  OK  [0m] Started Set console keymap.
[[0;32m  OK  [0m] Started Uncomplicated firewall.
[[0;32m  OK  [0m] Started Create list of required sta...ce nodes for the current kernel.
[[0;32m  OK  [0m] Started Nameserver information manager.
[[0;32m  OK  [0m] Started LVM2 metadata daemon.
         Starting Create Static Device Nodes in /dev...
         Starting udev Coldplug all Devices...
         Starting Initial cloud-init job (pre-networking)...
         Starting Load/Save Random Seed...
         Starting Apply Kernel Variables...
         Mounting FUSE Control File System...
         Starting Flush Journal to Persistent Storage...
[[0;32m  OK  [0m] Mounted FUSE Control File System.
[[0;32m  OK  [0m] Started Create Static Device Nodes in /dev.
[[0;32m  OK  [0m] Started Load/Save Random Seed.
[[0;32m  OK  [0m] Started Apply Kernel Variables.
[[0;32m  OK  [0m] Started udev Coldplug all Devices.
[[0;32m  OK  [0m] Started Flush Journal to Persistent Storage.
         Starting udev Kernel Device Manager...
[[0;32m  OK  [0m] Started udev Kernel Device Manager.
[[0;32m  OK  [0m] Started Dispatch Password Requests to Console Directory Watch.
[[0;32m  OK  [0m] Found device /dev/ttyS0.
[[0;32m  OK  [0m] Started Monitoring of LVM2 mirrors,...ng dmeventd or progress polling.
[[0;32m  OK  [0m] Reached target Local File Systems (Pre).
[[0;32m  OK  [0m] Reached target Local File Systems.
         Starting Set console font and keymap...
         Starting Tell Plymouth To Write Out Runtime Data...
         Starting Create Volatile Files and Directories...
         Starting LSB: AppArmor initialization...
[[0;32m  OK  [0m] Started Tell Plymouth To Write Out Runtime Data.
[   12.570551] cloud-init[461]: Cloud-init v. 17.1 running 'init-local' at Sat, 27 Jan 2018 20:14:34 +0000. Up 12.33 seconds.
[[0;32m  OK  [0m] Started Create Volatile Files and Directories.
[[0;32m  OK  [0m] Started Initial cloud-init job (pre-networking).
[[0;32m  OK  [0m] Listening on Load/Save RF Kill Switch Status /dev/rfkill Watch.
[[0;32m  OK  [0m] Reached target Network (Pre).
         Starting Update UTMP about System Boot/Shutdown...
[[0;32m  OK  [0m] Reached target System Time Synchronized.
[[0;32m  OK  [0m] Started Set console font and keymap.
[[0;32m  OK  [0m] Started LSB: AppArmor initialization.
[[0;32m  OK  [0m] Started Update UTMP about System Boot/Shutdown.
[[0;32m  OK  [0m] Started ifup for enp0s3.
         Starting Raise network interfaces...
[[0;32m  OK  [0m] Created slice system-getty.slice.
[[0;32m  OK  [0m] Started Raise network interfaces.
         Starting Initial cloud-init job (metadata service crawler)...
[[0;32m  OK  [0m] Reached target Network.
[   15.674565] cloud-init[975]: Cloud-init v. 17.1 running 'init' at Sat, 27 Jan 2018 20:14:37 +0000. Up 15.39 seconds.
[   15.688660] cloud-init[975]: ci-info: +++++++++++++++++++++++++++++++++++++Net device info++++++++++++++++++++++++++++++++++++++
[   15.699061] cloud-init[975]: ci-info: +--------+------+----------------------------+---------------+-------+-------------------+
[   15.723421] cloud-init[975]: ci-info: | Device |  Up  |          Address           |      Mask     | Scope |     Hw-Address    |
[   15.774115] cloud-init[975]: ci-info: +--------+------+----------------------------+---------------+-------+-------------------+
[   15.785529] cloud-init[975]: ci-info: | enp0s3 | True |         10.0.2.15          | 255.255.255.0 |   .   | 02:61:3d:0b:d5:56 |
[[0;32m  OK  [0m] Started Initial cloud-init job (metadata service crawler).
[[   15.787788] cloud-init[975]: ci-info: | enp0s3 | True | fe80::61:3dff:fe0b:d556/64 |       .       |  link | 02:61:3d:0b:d5:56 |
[   15.802102] cloud-init[975]: ci-info: |   lo   | True |         127.0.0.1          |   255.0.0.0   |   .   |         .         |
[   15.802170] cloud-init[975]: ci-info: |   lo   | True |          ::1/128           |       .       |  host |         .         |
[   15.802269] cloud-init[975]: ci-info: +--------+------+----------------------------+---------------+-------+-------------------+
[   15.802371] cloud-init[975]: ci-info: +++++++++++++++++++++++++++Route IPv4 info++++++++++++++++++++++++++++
[   15.802496] cloud-init[975]: ci-info: +-------+-------------+----------+---------------+-----------+-------+
[0;32m  OK  [0m] Reached target System Initialization.
[   15.802648] cloud-init[975]: ci-info: | Route | Destination | Gateway  |    Genmask    | Interface | Flags |
[   15.887607] cloud-init[975]: ci-info: +-------+-------------+----------+---------------+-----------+-------+
[   15.887807] cloud-init[975]: ci-info: |   0   |   0.0.0.0   | 10.0.2.2 |    0.0.0.0    |   enp0s3  |   UG  |
         Starting LXD - unix socket.
[[   15.887930] cloud-init[975]: ci-info: |   1   |   10.0.2.0  | 0.0.0.0  | 255.255.255.0 |   enp0s3  |   U   |
[   16.022643] cloud-init[975]: ci-info: +-------+-------------+----------+---------------+-----------+-------+
[0;32m  OK  [0m] Started Daily Cleanup of Temporary Directories.
         Starting Socket activation for snappy daemon.
[[0;32m  OK  [0m] Listening on ACPID Listen Socket.
[[0;32m  OK  [0m] Started ACPI Events Check.
[[0;32m  OK  [0m] Reached target Paths.
[[0;32m  OK  [0m] Listening on D-Bus System Message Bus Socket.
[[0;32m  OK  [0m] Listening on UUID daemon activation socket.
[[0;32m  OK  [0m] Started Timer to automatically refresh installed snaps.
[[0;32m  OK  [0m] Reached target Network is Online.
         Starting iSCSI initiator daemon (iscsid)...
[[0;32m  OK  [0m] Started Daily apt download activities.
[[0;32m  OK  [0m] Started Daily apt upgrade and clean activities.
[[0;32m  OK  [0m] Reached target Timers.
[[0;32m  OK  [0m] Reached target Cloud-config availability.
[[0;32m  OK  [0m] Listening on LXD - unix socket.
[[0;32m  OK  [0m] Listening on Socket activation for snappy daemon.
[[0;32m  OK  [0m] Started iSCSI initiator daemon (iscsid).
         Starting Login to default iSCSI targets...
[[0;32m  OK  [0m] Reached target Sockets.
[[0;32m  OK  [0m] Reached target Basic System.
         Starting LSB: Record successful boot for GRUB...
         Starting System Logging Service...
[[0;32m  OK  [0m] Started Deferred execution scheduler.
         Starting LXD - container startup/shutdown...
[[0;32m  OK  [0m] Started FUSE filesystem for LXC.
         Starting PostgreSQL Cluster 9.5-main...
[[0;32m  OK  [0m] Started ACPI event daemon.
[[0;32m  OK  [0m] Started Unattended Upgrades Shutdown.
         Starting LSB: MD monitoring daemon...
         Starting Accounts Service...
         Starting /etc/rc.local Compatibility...
         Starting Apply the settings specified in cloud-config...
[[0;32m  OK  [0m] Started Regular background program processing daemon.
         Starting OpenBSD Secure Shell server...
         Starting Snappy daemon...
         Starting Login Service...
[[0;32m  OK  [0m] Started D-Bus System Message Bus.
[[0;32m  OK  [0m] Started System Logging Service.
[[0;32m  OK  [0m] Started OpenBSD Secure Shell server.
[[0;32m  OK  [0m] Started LXD - container startup/shutdown.
[[0;32m  OK  [0m] Started /etc/rc.local Compatibility.
[[0;32m  OK  [0m] Started LSB: Record successful boot for GRUB.
[[0;32m  OK  [0m] Started Login to default iSCSI targets.
[[0;32m  OK  [0m] Started Snappy daemon.
[[0;32m  OK  [0m] Started LSB: MD monitoring daemon.
[   17.364892] cloud-init[1080]: Cloud-init v. 17.1 running 'modules:config' at Sat, 27 Jan 2018 20:14:39 +0000. Up 17.25 seconds.
[[0;32m  OK  [0m] Started Login Service.
[[0;32m  OK  [0m] Started Apply the settings specified in cloud-config.
         Starting Authenticate and Authorize Users to Run Privileged Tasks...
[[0;32m  OK  [0m] Reached target Remote File Systems (Pre).
[[0;32m  OK  [0m] Reached target Remote File Systems.
         Starting LSB: Start/stop sysstat's sadc...
         Starting Permit User Sessions...
         Starting LSB: Set the CPU Frequency Scaling governor to "ondemand"...
         Starting LSB: daemon to balance interrupts for SMP systems...
         Starting LSB: VirtualBox Linux Additions...
         Starting LSB: automatic crash report generation...
[[0;32m  OK  [0m] Started Permit User Sessions.
[[0;32m  OK  [0m] Started Authenticate and Authorize Users to Run Privileged Tasks.
[[0;32m  OK  [0m] Started Accounts Service.
[[0;32m  OK  [0m] Started LSB: Start/stop sysstat's sadc.
[[0;32m  OK  [0m] Started LSB: Set the CPU Frequency Scaling governor to "ondemand".
         Starting Hold until boot process finishes up...
         Starting Terminate Plymouth Boot Screen...
[[0;32m  OK  [0m] Started LSB: daemon to balance interrupts for SMP systems.
[[0;32m  OK  [0m] Started LSB: VirtualBox Linux Additions.
[[0;32m  OK  [0m] Started LSB: automatic crash report generation.
[[0;32m  OK  [0m] Started Hold until boot process finishes up.
[[0;32m  OK  [0m] Started Terminate Plymouth Boot Screen.
[[0;32m  OK  [0m] Started Getty on tty1.
[[0;32m  OK  [0m] Started Serial Getty on ttyS0.
[[0;32m  OK  [0m] Reached target Login Prompts.
         Starting Set console scheme...
[[0;32m  OK  [0m] Started Set console scheme.
[[0;32m  OK  [0m] Started PostgreSQL Cluster 9.5-main.
         Starting PostgreSQL RDBMS...
[[0;32m  OK  [0m] Started PostgreSQL RDBMS.
[[0;32m  OK  [0m] Reached target Multi-User System.
[[0;32m  OK  [0m] Reached target Graphical Interface.
         Starting Update UTMP about System Runlevel Changes...
         Starting Execute cloud user/final scripts...
[[0;32m  OK  [0m] Started Update UTMP about System Runlevel Changes.
[   19.517722] cloud-init[1236]: Cloud-init v. 17.1 running 'modules:final' at Sat, 27 Jan 2018 20:14:41 +0000. Up 19.40 seconds.
[   19.541168] cloud-init[1236]: Cloud-init v. 17.1 finished at Sat, 27 Jan 2018 20:14:41 +0000. Datasource DataSourceNoCloud [seed=/dev/sdb][dsmode=net].  Up 19.51 seconds
[[0;32m  OK  [0m] Started Execute cloud user/final scripts.
[[0;32m  OK  [0m] Reached target Cloud-init target.

Ubuntu 16.04.3 LTS ubuntu-xenial ttyS0

ubuntu-xenial login:          Stopping User Manager for UID 1000...
[[0;32m  OK  [0m] Closed Load/Save RF Kill Swu[[0;32m  OK  [0m] Stopped Accounts Service.
[[0;32m  OK  [0m] Stopped ACPI event daemon.
[[0;32m  OK  [0m] Stopped Regular background program processing daemon.
[[0;32m  OK  [0m] Stopped OpenBSD Secure Shell server.
[[0;32m  OK  [0m] Stopped Snappy daemon.
[[0;32m  OK  [0m] Stopped Authenticate and Authorize Users to Run Privileged Tasks.
[[0;32m  OK  [0m] Stopped Getty on tty1.
[[0;32m  OK  [0m] Stopped Serial Getty on ttyS0.
[[0;32m  OK  [0m] Stopped User Manager for UID 1000.
[[0;32m  OK  [0m] Stopped Session 4 of user ubuntu.
[[0;32m  OK  [0m] Stopped Unattended Upgrades Shutdown.
[[0;32m  OK  [0m] Stopped D-Bus System Message Bus.
[[0;32m  OK  [0m] Stopped FUSE filesystem for LXC.
[[0;32m  OK  [0m] Unmounted /var/lib/lxcfs.
[[0;32m  OK  [0m] Stopped LXD - container startup/shutdown.
[[0;32m  OK  [0m] Stopped LSB: VirtualBox Linux Additions.
[[0;32m  OK  [0m] Stopped LSB: Set the CPU Frequency Scaling governor to "ondemand".
[[0;32m  OK  [0m] Stopped LSB: daemon to balance interrupts for SMP systems.
[[0;32m  OK  [0m] Stopped LSB: Record successful boot for GRUB.
[[0;32m  OK  [0m] Stopped LSB: automatic crash report generation.
[[0;32m  OK  [0m] Stopped LSB: MD monitoring daemon.
[[0;32m  OK  [0m] Stopped LSB: Start/stop sysstat's sadc.
[[0;32m  OK  [0m] Removed slice system-serial\x2dgetty.slice.
[[0;32m  OK  [0m] Stopped /etc/rc.local Compatibility.
[[0;32m  OK  [0m] Removed slice system-getty.slice.
[[0;32m  OK  [0m] Stopped Session 30 of user ubuntu.
[[0;32m  OK  [0m] Removed slice User Slice of ubuntu.
         Stopping Login Service...
         Stopping Permit User Sessions...
[[0;32m  OK  [0m] Stopped Login Service.
[[0;32m  OK  [0m] Stopped Permit User Sessions.
[[0;32m  OK  [0m] Stopped target Remote File Systems.
[[0;32m  OK  [0m] Stopped target Remote File Systems (Pre).
         Stopping Login to default iSCSI targets...
[[0;32m  OK  [0m] Stopped target User and Group Name Lookups.
[[0;32m  OK  [0m] Stopped Login to default iSCSI targets.
         Stopping iSCSI initiator daemon (iscsid)...
[[0;32m  OK  [0m] Stopped PostgreSQL Cluster 9.5-main.
[[0;32m  OK  [0m] Stopped iSCSI initiator daemon (iscsid).
[[0;32m  OK  [0m] Stopped target Network is Online.
[[0;32m  OK  [0m] Stopped target Network.
[[0;32m  OK  [0m] Removed slice system-postgresql.slice.
[[0;32m  OK  [0m] Stopped target Basic System.
[[0;32m  OK  [0m] Stopped target Sockets.
[[0;32m  OK  [0m] Closed D-Bus System Message Bus Socket.
[[0;32m  OK  [0m] Closed UUID daemon activation socket.
[[0;32m  OK  [0m] Closed LXD - unix socket.
[[0;32m  OK  [0m] Closed Syslog Socket.
[[0;32m  OK  [0m] Closed ACPID Listen Socket.
[[0;32m  OK  [0m] Closed Socket activation for snappy daemon.
[[0;32m  OK  [0m] Stopped target Slices.
[[0;32m  OK  [0m] Removed slice User and Session Slice.
[[0;32m  OK  [0m] Stopped target Paths.
[[0;32m  OK  [0m] Stopped Dispatch Password Requests to Console Directory Watch.
[[0;32m  OK  [0m] Stopped Forward Password Requests to Wall Directory Watch.
[[0;32m  OK  [0m] Stopped ACPI Events Check.
[[0;32m  OK  [0m] Stopped target System Initialization.
         Stopping Load/Save Random Seed...
[[0;32m  OK  [0m] Stopped Initial cloud-init job (metadata service crawler).
         Stopping Raise network interfaces...
         Stopping Update UTMP about System Boot/Shutdown...
[[0;32m  OK  [0m] Stopped target Swap.
[[0;32m  OK  [0m] Stopped target Encrypted Volumes.
[[0;32m  OK  [0m] Stopped Load/Save Random Seed.
[[0;32m  OK  [0m] Stopped Update UTMP about System Boot/Shutdown.
[[0;32m  OK  [0m] Stopped Create Volatile Files and Directories.
[[0;32m  OK  [0m] Stopped Raise network interfaces.
[[0;32m  OK  [0m] Stopped target Local File Systems.
         Unmounting /run/user/1000...
[[0;32m  OK  [0m] Stopped Apply Kernel Variables.
[[0;32m  OK  [0m] Stopped Load Kernel Modules.
[[0;32m  OK  [0m] Stopped target Network (Pre).
[[0;32m  OK  [0m] Stopped Initial cloud-init job (pre-networking).
[[0;32m  OK  [0m] Unmounted /run/user/1000.
[[0;32m  OK  [0m] Reached target Unmount All Filesystems.
[[0;32m  OK  [0m] Stopped target Local File Systems (Pre).
[[0;32m  OK  [0m] Stopped Create Static Device Nodes in /dev.
         Stopping Monitoring of LVM2 mirrors... dmeventd or progress polling...
[[0;32m  OK  [0m] Stopped Remount Root and Kernel File Systems.
[[0;32m  OK  [0m] Reached target Shutdown.
[ 8675.170759] reboot: Power down
